   Compiling copper-drc v0.1.0 (/Users/em/Development/freerouting/copperroute-image-identity-main/crates/copper-drc)
   Compiling copper-settings v0.1.0 (/Users/em/Development/freerouting/copperroute-image-identity-main/crates/copper-settings)
   Compiling copper-router v0.1.0 (/Users/em/Development/freerouting/copperroute-image-identity-main/crates/copper-router)
   Compiling copper-core v0.1.0 (/Users/em/Development/freerouting/copperroute-image-identity-main/crates/copper-core)
    Finished `test` profile [unoptimized + debuginfo] target(s) in 5.34s
     Running tests/overrides.rs (/Users/em/Development/freerouting/copperroute-congestion-study/target/debug/deps/overrides-db7d9cea5abfa455)

running 1 test
IMAGE_AUDIT issue593-bbd-mars-64 0 after_parser
[stage] name=after_parser
  layers=2 classes=3 names=null,default,smd
  outline_class=1 default_area_class=1 hole_clearance=0 items=961
  keepouts=8 keepout_classes=1:8
  reclassified=
  tree_leaves=216 entry_id=0
  tree_order digest=558f83db7f9fe53b head=1:0,1:4,1:1,1:5,1:2,76:0,78:0,80:0,82:0,84:0,86:0,77:0 tail=222:0,258:0,294:0,321:0,681:0,958:0,959:0,908:0,934:0,909:0,935:0,1:7
  matrix_sum=13000
  msum L0 = 6500 rows=0,4000,2500
  msum L1 = 6500 rows=0,4000,2500
  mrow L0 0 null = 0 0 0
  mrow L0 1 default = 0 2000 2000
  mrow L0 2 smd = 0 2000 500
  mrow L1 0 null = 0 0 0
  mrow L1 1 default = 0 2000 2000
  mrow L1 2 smd = 0 2000 500

IMAGE_AUDIT issue593-bbd-mars-64 0 after_router_settings
[stage] name=after_router_settings
  layers=2 classes=4 names=null,default,smd,board_edge
  outline_class=3 default_area_class=1 hole_clearance=0 items=961
  keepouts=8 keepout_classes=1:8
  reclassified=1:1->3
  tree_leaves=216 entry_id=0
  tree_order digest=01a375c8ea17ef0f head=76:0,1:2,1:6,78:0,80:0,82:0,84:0,86:0,77:0,79:0,81:0,83:0 tail=195:0,222:0,258:0,294:0,321:0,681:0,958:0,959:0,908:0,934:0,909:0,935:0
  matrix_sum=63000
  msum L0 = 31500 rows=0,9000,7500,15000
  msum L1 = 31500 rows=0,9000,7500,15000
  mrow L0 0 null = 0 0 0 0
  mrow L0 1 default = 0 2000 2000 5000
  mrow L0 2 smd = 0 2000 500 5000
  mrow L0 3 board_edge = 0 5000 5000 5000
  mrow L1 0 null = 0 0 0 0
  mrow L1 1 default = 0 2000 2000 5000
  mrow L1 2 smd = 0 2000 500 5000
  mrow L1 3 board_edge = 0 5000 5000 5000

IMAGE_AUDIT issue593-bbd-mars-64 0 after_post_load
[stage] name=after_post_load
  layers=2 classes=4 names=null,default,smd,board_edge
  outline_class=3 default_area_class=1 hole_clearance=0 items=961
  keepouts=8 keepout_classes=1:8
  reclassified=
  tree_leaves=216 entry_id=0
  tree_order digest=01a375c8ea17ef0f head=76:0,1:2,1:6,78:0,80:0,82:0,84:0,86:0,77:0,79:0,81:0,83:0 tail=195:0,222:0,258:0,294:0,321:0,681:0,958:0,959:0,908:0,934:0,909:0,935:0
  matrix_sum=63000
  msum L0 = 31500 rows=0,9000,7500,15000
  msum L1 = 31500 rows=0,9000,7500,15000
  mrow L0 0 null = 0 0 0 0
  mrow L0 1 default = 0 2000 2000 5000
  mrow L0 2 smd = 0 2000 500 5000
  mrow L0 3 board_edge = 0 5000 5000 5000
  mrow L1 0 null = 0 0 0 0
  mrow L1 1 default = 0 2000 2000 5000
  mrow L1 2 smd = 0 2000 500 5000
  mrow L1 3 board_edge = 0 5000 5000 5000

IMAGE_AUDIT issue593-bbd-mars-64 0 after_second_hole_override
[stage] name=after_second_hole_override
  layers=2 classes=4 names=null,default,smd,board_edge
  outline_class=3 default_area_class=1 hole_clearance=0 items=961
  keepouts=8 keepout_classes=1:8
  reclassified=
  tree_leaves=216 entry_id=0
  tree_order digest=01a375c8ea17ef0f head=76:0,1:2,1:6,78:0,80:0,82:0,84:0,86:0,77:0,79:0,81:0,83:0 tail=195:0,222:0,258:0,294:0,321:0,681:0,958:0,959:0,908:0,934:0,909:0,935:0
  matrix_sum=63000
  msum L0 = 31500 rows=0,9000,7500,15000
  msum L1 = 31500 rows=0,9000,7500,15000
  mrow L0 0 null = 0 0 0 0
  mrow L0 1 default = 0 2000 2000 5000
  mrow L0 2 smd = 0 2000 500 5000
  mrow L0 3 board_edge = 0 5000 5000 5000
  mrow L1 0 null = 0 0 0 0
  mrow L1 1 default = 0 2000 2000 5000
  mrow L1 2 smd = 0 2000 500 5000
  mrow L1 3 board_edge = 0 5000 5000 5000

IMAGE_AUDIT issue593-bbd-mars-64 100 after_parser
[stage] name=after_parser
  layers=2 classes=3 names=null,default,smd
  outline_class=1 default_area_class=1 hole_clearance=0 items=961
  keepouts=8 keepout_classes=1:8
  reclassified=
  tree_leaves=216 entry_id=0
  tree_order digest=558f83db7f9fe53b head=1:0,1:4,1:1,1:5,1:2,76:0,78:0,80:0,82:0,84:0,86:0,77:0 tail=222:0,258:0,294:0,321:0,681:0,958:0,959:0,908:0,934:0,909:0,935:0,1:7
  matrix_sum=13000
  msum L0 = 6500 rows=0,4000,2500
  msum L1 = 6500 rows=0,4000,2500
  mrow L0 0 null = 0 0 0
  mrow L0 1 default = 0 2000 2000
  mrow L0 2 smd = 0 2000 500
  mrow L1 0 null = 0 0 0
  mrow L1 1 default = 0 2000 2000
  mrow L1 2 smd = 0 2000 500

IMAGE_AUDIT issue593-bbd-mars-64 100 after_router_settings
[stage] name=after_router_settings
  layers=2 classes=5 names=null,default,smd,board_edge,hole_edge
  outline_class=3 default_area_class=1 hole_clearance=1000 items=961
  keepouts=8 keepout_classes=4:8
  reclassified=1:1->3;946:1->4;947:1->4;950:1->4;951:1->4;954:1->4;955:1->4;958:1->4;959:1->4
  tree_leaves=216 entry_id=0
  tree_order digest=0dfebc5512663baf head=959:0,681:0,402:0,645:0,321:0,294:0,258:0,222:0,195:0,150:0,366:0,654:0 tail=591:0,663:0,375:0,420:0,717:0,708:0,699:0,411:0,690:0,743:0,741:0,742:0
  matrix_sum=103000
  msum L0 = 51500 rows=0,11000,9500,20000,11000
  msum L1 = 51500 rows=0,11000,9500,20000,11000
  mrow L0 0 null = 0 0 0 0 0
  mrow L0 1 default = 0 2000 2000 5000 2000
  mrow L0 2 smd = 0 2000 500 5000 2000
  mrow L0 3 board_edge = 0 5000 5000 5000 5000
  mrow L0 4 hole_edge = 0 2000 2000 5000 2000
  mrow L1 0 null = 0 0 0 0 0
  mrow L1 1 default = 0 2000 2000 5000 2000
  mrow L1 2 smd = 0 2000 500 5000 2000
  mrow L1 3 board_edge = 0 5000 5000 5000 5000
  mrow L1 4 hole_edge = 0 2000 2000 5000 2000

IMAGE_AUDIT issue593-bbd-mars-64 100 after_post_load
[stage] name=after_post_load
  layers=2 classes=5 names=null,default,smd,board_edge,hole_edge
  outline_class=3 default_area_class=1 hole_clearance=1000 items=961
  keepouts=8 keepout_classes=4:8
  reclassified=
  tree_leaves=216 entry_id=0
  tree_order digest=0dfebc5512663baf head=959:0,681:0,402:0,645:0,321:0,294:0,258:0,222:0,195:0,150:0,366:0,654:0 tail=591:0,663:0,375:0,420:0,717:0,708:0,699:0,411:0,690:0,743:0,741:0,742:0
  matrix_sum=103000
  msum L0 = 51500 rows=0,11000,9500,20000,11000
  msum L1 = 51500 rows=0,11000,9500,20000,11000
  mrow L0 0 null = 0 0 0 0 0
  mrow L0 1 default = 0 2000 2000 5000 2000
  mrow L0 2 smd = 0 2000 500 5000 2000
  mrow L0 3 board_edge = 0 5000 5000 5000 5000
  mrow L0 4 hole_edge = 0 2000 2000 5000 2000
  mrow L1 0 null = 0 0 0 0 0
  mrow L1 1 default = 0 2000 2000 5000 2000
  mrow L1 2 smd = 0 2000 500 5000 2000
  mrow L1 3 board_edge = 0 5000 5000 5000 5000
  mrow L1 4 hole_edge = 0 2000 2000 5000 2000

IMAGE_AUDIT issue593-bbd-mars-64 100 after_second_hole_override
[stage] name=after_second_hole_override
  layers=2 classes=5 names=null,default,smd,board_edge,hole_edge
  outline_class=3 default_area_class=1 hole_clearance=1000 items=961
  keepouts=8 keepout_classes=4:8
  reclassified=
  tree_leaves=216 entry_id=0
  tree_order digest=0dfebc5512663baf head=959:0,681:0,402:0,645:0,321:0,294:0,258:0,222:0,195:0,150:0,366:0,654:0 tail=591:0,663:0,375:0,420:0,717:0,708:0,699:0,411:0,690:0,743:0,741:0,742:0
  matrix_sum=103000
  msum L0 = 51500 rows=0,11000,9500,20000,11000
  msum L1 = 51500 rows=0,11000,9500,20000,11000
  mrow L0 0 null = 0 0 0 0 0
  mrow L0 1 default = 0 2000 2000 5000 2000
  mrow L0 2 smd = 0 2000 500 5000 2000
  mrow L0 3 board_edge = 0 5000 5000 5000 5000
  mrow L0 4 hole_edge = 0 2000 2000 5000 2000
  mrow L1 0 null = 0 0 0 0 0
  mrow L1 1 default = 0 2000 2000 5000 2000
  mrow L1 2 smd = 0 2000 500 5000 2000
  mrow L1 3 board_edge = 0 5000 5000 5000 5000
  mrow L1 4 hole_edge = 0 2000 2000 5000 2000

IMAGE_AUDIT issue593-bbd-mars-64 500 after_parser
[stage] name=after_parser
  layers=2 classes=3 names=null,default,smd
  outline_class=1 default_area_class=1 hole_clearance=0 items=961
  keepouts=8 keepout_classes=1:8
  reclassified=
  tree_leaves=216 entry_id=0
  tree_order digest=558f83db7f9fe53b head=1:0,1:4,1:1,1:5,1:2,76:0,78:0,80:0,82:0,84:0,86:0,77:0 tail=222:0,258:0,294:0,321:0,681:0,958:0,959:0,908:0,934:0,909:0,935:0,1:7
  matrix_sum=13000
  msum L0 = 6500 rows=0,4000,2500
  msum L1 = 6500 rows=0,4000,2500
  mrow L0 0 null = 0 0 0
  mrow L0 1 default = 0 2000 2000
  mrow L0 2 smd = 0 2000 500
  mrow L1 0 null = 0 0 0
  mrow L1 1 default = 0 2000 2000
  mrow L1 2 smd = 0 2000 500

IMAGE_AUDIT issue593-bbd-mars-64 500 after_router_settings
[stage] name=after_router_settings
  layers=2 classes=5 names=null,default,smd,board_edge,hole_edge
  outline_class=3 default_area_class=1 hole_clearance=5000 items=961
  keepouts=8 keepout_classes=4:8
  reclassified=1:1->3;946:1->4;947:1->4;950:1->4;951:1->4;954:1->4;955:1->4;958:1->4;959:1->4
  tree_leaves=216 entry_id=0
  tree_order digest=2a479935b2d0aa7f head=959:0,681:0,402:0,645:0,321:0,294:0,258:0,222:0,195:0,150:0,366:0,654:0 tail=591:0,663:0,375:0,420:0,717:0,708:0,699:0,411:0,690:0,743:0,741:0,742:0
  matrix_sum=133000
  msum L0 = 66500 rows=0,14000,12500,20000,20000
  msum L1 = 66500 rows=0,14000,12500,20000,20000
  mrow L0 0 null = 0 0 0 0 0
  mrow L0 1 default = 0 2000 2000 5000 5000
  mrow L0 2 smd = 0 2000 500 5000 5000
  mrow L0 3 board_edge = 0 5000 5000 5000 5000
  mrow L0 4 hole_edge = 0 5000 5000 5000 5000
  mrow L1 0 null = 0 0 0 0 0
  mrow L1 1 default = 0 2000 2000 5000 5000
  mrow L1 2 smd = 0 2000 500 5000 5000
  mrow L1 3 board_edge = 0 5000 5000 5000 5000
  mrow L1 4 hole_edge = 0 5000 5000 5000 5000

IMAGE_AUDIT issue593-bbd-mars-64 500 after_post_load
[stage] name=after_post_load
  layers=2 classes=5 names=null,default,smd,board_edge,hole_edge
  outline_class=3 default_area_class=1 hole_clearance=5000 items=961
  keepouts=8 keepout_classes=4:8
  reclassified=
  tree_leaves=216 entry_id=0
  tree_order digest=2a479935b2d0aa7f head=959:0,681:0,402:0,645:0,321:0,294:0,258:0,222:0,195:0,150:0,366:0,654:0 tail=591:0,663:0,375:0,420:0,717:0,708:0,699:0,411:0,690:0,743:0,741:0,742:0
  matrix_sum=133000
  msum L0 = 66500 rows=0,14000,12500,20000,20000
  msum L1 = 66500 rows=0,14000,12500,20000,20000
  mrow L0 0 null = 0 0 0 0 0
  mrow L0 1 default = 0 2000 2000 5000 5000
  mrow L0 2 smd = 0 2000 500 5000 5000
  mrow L0 3 board_edge = 0 5000 5000 5000 5000
  mrow L0 4 hole_edge = 0 5000 5000 5000 5000
  mrow L1 0 null = 0 0 0 0 0
  mrow L1 1 default = 0 2000 2000 5000 5000
  mrow L1 2 smd = 0 2000 500 5000 5000
  mrow L1 3 board_edge = 0 5000 5000 5000 5000
  mrow L1 4 hole_edge = 0 5000 5000 5000 5000

IMAGE_AUDIT issue593-bbd-mars-64 500 after_second_hole_override
[stage] name=after_second_hole_override
  layers=2 classes=5 names=null,default,smd,board_edge,hole_edge
  outline_class=3 default_area_class=1 hole_clearance=5000 items=961
  keepouts=8 keepout_classes=4:8
  reclassified=
  tree_leaves=216 entry_id=0
  tree_order digest=2a479935b2d0aa7f head=959:0,681:0,402:0,645:0,321:0,294:0,258:0,222:0,195:0,150:0,366:0,654:0 tail=591:0,663:0,375:0,420:0,717:0,708:0,699:0,411:0,690:0,743:0,741:0,742:0
  matrix_sum=133000
  msum L0 = 66500 rows=0,14000,12500,20000,20000
  msum L1 = 66500 rows=0,14000,12500,20000,20000
  mrow L0 0 null = 0 0 0 0 0
  mrow L0 1 default = 0 2000 2000 5000 5000
  mrow L0 2 smd = 0 2000 500 5000 5000
  mrow L0 3 board_edge = 0 5000 5000 5000 5000
  mrow L0 4 hole_edge = 0 5000 5000 5000 5000
  mrow L1 0 null = 0 0 0 0 0
  mrow L1 1 default = 0 2000 2000 5000 5000
  mrow L1 2 smd = 0 2000 500 5000 5000
  mrow L1 3 board_edge = 0 5000 5000 5000 5000
  mrow L1 4 hole_edge = 0 5000 5000 5000 5000

test the_p8t3_transcript_replays_cell_for_cell ... ok

test result: ok. 1 passed; 0 failed; 0 ignored; 0 measured; 3 filtered out; finished in 5.23s

