# Class -> Rust path glob (relative to the audited crate's `src`) map for scripts/audit-port.sh's
# per-class matching. Blank lines and lines starting with `#` are ignored. A class whose Rust home
# spans more than one file gets one map line per file — not one line with several space-separated
# globs, which the reader (`read -r cls path`) would only keep the first token of.
#
# This map discharges the Plan 3 obligation recorded in `docs/java-quirks.md`'s obligation
# register ("`audit-port.sh`'s positive match is crate-wide") for `fr-board`, which Plan 3 built
# the mechanism for and Plan 6 Task 18 applies (plan-6 ruling 13). Plan 2's nine directories now
# run under the 4-argument form:
#
#   for dir in board/model/items board/model/structure board/facade board/searchtree \
#              board/trace board/state rules core/library datastructures; do
#     ./scripts/audit-port.sh "$dir" crates/fr-board/src '*.java' scripts/audit-map/fr-board.map
#   done
#
# The 3-argument (crate-wide) form still exits 0 and is kept in `crates/fr-board/README.md` for
# comparison, but it is the weaker check: for a Java `Foo.getBar` it accepts any `fn get_bar…`
# anywhere in the crate. Under this map a class listed below has its methods and markers searched
# **only** under its mapped path(s); a class this file does not mention falls back to the
# crate-wide search *and* prints `UNMAPPED`, so the map cannot silently rot.
#
# Reading the globs. `Board` is one Rust type assembled from the **eight** `board/facade` classes
# (plan-2 ruling 1), and its inherent impls are split across `board/*.rs` by subject; those eight
# classes therefore map to `board/*.rs` rather than to one file, as does `Item` (nine rows in all). That is the "a class with no single home gets a glob"
# case the script's header allows, and it is a real narrowing all the same: it excludes
# `items/`, `rules/`, `library/`, `structure/`, `searchtree/` and `datastructures/`.

# --- board/model/items -------------------------------------------------------------------------
# Java's `Item` hierarchy is one Rust enum plus a shared header (plan-2 ruling 2), and the methods
# each subclass declares land in three places: the item modules (`items/*.rs`), the `Board` impls
# that answer connectivity and clearance questions about an item (`board/connectivity.rs`,
# `board/clearance.rs`, `board/query.rs`), and `board/mod.rs` for the ones that mutate the board.
BoardItemType            items/mod.rs
PrintableShape           items/mod.rs
Connectable              items/*.rs
Connectable              board/connectivity.rs
Item                     items/*.rs
Item                     board/*.rs
ObstacleArea             items/*.rs
ComponentObstacleArea    items/*.rs
ComponentOutline         items/*.rs
ConductionArea           items/*.rs
ConductionArea           board/connectivity.rs
ViaObstacleArea          items/*.rs
DrillItem                items/*.rs
DrillItem                board/connectivity.rs
Pin                      items/*.rs
Pin                      board/connectivity.rs
Via                      items/*.rs
Via                      board/connectivity.rs
Via                      board/clearance.rs
Trace                    items/*.rs
Trace                    board/connectivity.rs
Trace                    board/mod.rs

# --- board/model/structure ---------------------------------------------------------------------
AngleRestriction         structure/mod.rs
AngleRestriction         structure/layer.rs
FixedState               structure/mod.rs
Unit                     structure/mod.rs
Unit                     structure/layer.rs
BoardOutline             structure/board_outline.rs
BoardOutline             items/*.rs
Component                structure/component.rs
Components               structure/component.rs
Layer                    structure/layer.rs
LayerStructure           structure/layer.rs
ShapeAndEntrySide        structure/shape_entry_side.rs
ShapeEntrySide           structure/shape_entry_side.rs

# --- board/facade ------------------------------------------------------------------------------
# All eight classes of `board/facade` make up one Rust `Board` (plan-2 ruling 1), so all eight map
# to the same glob — nine rows in this file use it, the ninth being `Item` above, whose own methods
# are answered partly by `Board`. `board/*.rs` is `mod.rs`, `query.rs`,
# `normalize.rs`, `snapshot.rs`, `connectivity.rs`, `clearance.rs`, `changed_area.rs`,
# `communication.rs`, `shape_trace_entries.rs` and `trace_normalize.rs`.
BasicBoard               board/*.rs
BoardItemRepository      board/*.rs
BoardConnectivityQueries board/*.rs
BoardSnapshotManager     board/*.rs
RoutingBoard             board/*.rs
RoutingBoardOperations   board/*.rs
RoutingBoardSearchFacade board/*.rs
RoutingBoardUndoFacade   board/*.rs

# --- board/searchtree --------------------------------------------------------------------------
SearchTreeManager        searchtree/manager.rs
SearchTreeObject         searchtree/mod.rs
ShapeSearchTree          searchtree/shape_search_tree.rs
ShapeSearchTree          searchtree/manager.rs
ShapeSearchTree45Degree  searchtree/shape_search_tree.rs
ShapeSearchTree90Degree  searchtree/shape_search_tree.rs
ShapeTraceEntries        board/shape_trace_entries.rs

# --- board/trace -------------------------------------------------------------------------------
PolylineTrace                 items/*.rs
PolylineTrace                 board/trace_normalize.rs
PolylineTraceGeometry         items/*.rs
PolylineTraceNormalization    board/trace_normalize.rs
PolylineTraceSearchTreeAdapter items/*.rs

# --- board/state -------------------------------------------------------------------------------
ChangedArea              board/changed_area.rs
Communication            board/communication.rs
BoardObserverAdaptor     board/mod.rs
BoardObservers           board/mod.rs
BoardComparator          board/mod.rs
CoordinateTransform      board/mod.rs

# --- rules -------------------------------------------------------------------------------------
BoardRules                    rules/board_rules.rs
ClearanceMatrix               rules/clearance_matrix.rs
DefaultItemClearanceClasses   rules/net_class.rs
Net                           rules/net.rs
Nets                          rules/net.rs
NetClass                      rules/net_class.rs
NetClasses                    rules/net_class.rs
ViaInfo                       rules/via.rs
ViaInfos                      rules/via.rs
ViaRule                       rules/via.rs

# --- core/library ------------------------------------------------------------------------------
BoardLibrary             library/board_library.rs
LogicalPart              library/logical_part.rs
LogicalParts             library/logical_part.rs
Package                  library/package.rs
Packages                 library/package.rs
Padstack                 library/padstack.rs
Padstacks                library/padstack.rs

# --- datastructures ----------------------------------------------------------------------------
# `BigIntAux` and `Signum` live in `fr-geometry` (plan-1), `IdentifierType` and
# `IndentFileWriter` in `fr-dsn` (plan-3); `datastructures/mod.rs` carries their `renamed:` /
# `not ported:` markers, which is why they map there rather than nowhere.
ArrayStack                    datastructures/shape_tree.rs
BigIntAux                     datastructures/mod.rs
IdentifierType                datastructures/mod.rs
IdGenerator                   ids.rs
IndentFileWriter              datastructures/mod.rs
MinAreaTree                   datastructures/shape_tree.rs
Observers                     board/communication.rs
PlanarDelaunayTriangulation   datastructures/delaunay.rs
ShapeTree                     datastructures/shape_tree.rs
ShapeTree                     searchtree/shape_search_tree.rs
Signum                        datastructures/mod.rs
Stoppable                     datastructures/time_limit.rs
TimeLimit                     datastructures/time_limit.rs
UndoableObjects               datastructures/mod.rs
