# Class -> Rust path glob (relative to crates/fr-dsn/src) map for scripts/audit-port.sh's
# per-class matching (Plan 3 Task 1 obligation). Blank lines and lines starting with `#` are
# ignored. Append one line per class as later Plan 3 tasks port it; do not remove a class's line
# once a task starts porting it, or the audit falls back to a crate-wide (weaker) check for it.
# A class whose Rust home spans more than one file gets one map line per file — not one line
# with several space-separated globs, which the reader (`read -r cls path`) would only keep the
# first token of.
IdentifierType      format/identifier.rs
IndentFileWriter    format/indent_writer.rs
SpecctraDsnStreamReader  lexer/*.rs
IJFlexScanner            lexer/*.rs
Keyword                  keyword.rs
ScopeKeyword             keyword.rs
ScopeKeyword             parser/scope_parameter.rs
DsnFile                  parser/dsn_file.rs
ReadScopeParameter       parser/scope_parameter.rs
WriteScopeParameter      parser/scope_parameter.rs
BoardParserCallback      parser/scope_parameter.rs
Shape                    parser/geometry.rs
Rectangle                parser/geometry.rs
Circle                   parser/geometry.rs
Polygon                  parser/geometry.rs
Path                     parser/geometry.rs
PolygonPath              parser/geometry.rs
PolylinePath             parser/geometry.rs
Layer                    parser/geometry.rs
LayerStructure           parser/geometry.rs
Parser                   parser/header.rs
Resolution               parser/header.rs
Unit                     parser/header.rs
CoordinateTransform      coordinate_transform.rs
