--- after inserting #1 leafCount=1
Leaf #1/0 (0,0,10,10)
--- after inserting #2 leafCount=2
Inner (0,0,30,10)
  Leaf #1/0 (0,0,10,10)
  Leaf #2/0 (20,0,30,10)
--- after inserting #3 leafCount=3
Inner (0,0,30,30)
  Inner (0,0,10,30)
    Leaf #1/0 (0,0,10,10)
    Leaf #3/0 (0,20,10,30)
  Leaf #2/0 (20,0,30,10)
--- after inserting #4 leafCount=4
Inner (0,0,30,30)
  Inner (0,0,10,30)
    Leaf #1/0 (0,0,10,10)
    Leaf #3/0 (0,20,10,30)
  Inner (20,0,30,30)
    Leaf #2/0 (20,0,30,10)
    Leaf #4/0 (20,20,30,30)
--- after inserting #5 leafCount=5
Inner (0,0,50,30)
  Inner (0,0,10,30)
    Leaf #1/0 (0,0,10,10)
    Leaf #3/0 (0,20,10,30)
  Inner (20,0,50,30)
    Inner (20,0,50,10)
      Leaf #2/0 (20,0,30,10)
      Leaf #5/0 (40,0,50,10)
    Leaf #4/0 (20,20,30,30)
--- after inserting #6 leafCount=6
Inner (0,0,50,30)
  Inner (0,0,10,30)
    Leaf #1/0 (0,0,10,10)
    Leaf #3/0 (0,20,10,30)
  Inner (20,0,50,30)
    Inner (20,0,50,10)
      Leaf #2/0 (20,0,30,10)
      Leaf #5/0 (40,0,50,10)
    Inner (20,20,50,30)
      Leaf #4/0 (20,20,30,30)
      Leaf #6/0 (40,20,50,30)
--- after inserting #7 leafCount=7
Inner (0,0,50,30)
  Inner (0,0,15,30)
    Inner (0,0,15,15)
      Leaf #1/0 (0,0,10,10)
      Leaf #7/0 (5,5,15,15)
    Leaf #3/0 (0,20,10,30)
  Inner (20,0,50,30)
    Inner (20,0,50,10)
      Leaf #2/0 (20,0,30,10)
      Leaf #5/0 (40,0,50,10)
    Inner (20,20,50,30)
      Leaf #4/0 (20,20,30,30)
      Leaf #6/0 (40,20,50,30)
--- after inserting #8 leafCount=8
Inner (0,0,70,70)
  Inner (0,0,15,30)
    Inner (0,0,15,15)
      Leaf #1/0 (0,0,10,10)
      Leaf #7/0 (5,5,15,15)
    Leaf #3/0 (0,20,10,30)
  Inner (20,0,70,70)
    Inner (20,0,50,10)
      Leaf #2/0 (20,0,30,10)
      Leaf #5/0 (40,0,50,10)
    Inner (20,20,70,70)
      Leaf #4/0 (20,20,30,30)
      Inner (40,20,70,70)
        Leaf #6/0 (40,20,50,30)
        Leaf #8/0 (60,60,70,70)
Q1 (0,0,10,10) -> #1/0 #7/0
Q2 (15,15,45,45) -> #4/0 #6/0 #7/0
Q3 (55,55,65,65) -> #8/0
Q4 (200,200,210,210) ->
Q5 all -> #1/0 #2/0 #3/0 #4/0 #5/0 #6/0 #7/0 #8/0
distanceToRoot #1 = 3
distanceToRoot #2 = 3
distanceToRoot #3 = 2
distanceToRoot #4 = 3
distanceToRoot #5 = 3
distanceToRoot #6 = 4
distanceToRoot #7 = 3
distanceToRoot #8 = 4
--- after removing #7 leafCount=7
Inner (0,0,70,70)
  Inner (0,0,10,30)
    Leaf #1/0 (0,0,10,10)
    Leaf #3/0 (0,20,10,30)
  Inner (20,0,70,70)
    Inner (20,0,50,10)
      Leaf #2/0 (20,0,30,10)
      Leaf #5/0 (40,0,50,10)
    Inner (20,20,70,70)
      Leaf #4/0 (20,20,30,30)
      Inner (40,20,70,70)
        Leaf #6/0 (40,20,50,30)
        Leaf #8/0 (60,60,70,70)
Q1' (0,0,10,10) -> #1/0
Q5' all -> #1/0 #2/0 #3/0 #4/0 #5/0 #6/0 #8/0
--- after removing #8 leafCount=6
Inner (0,0,50,30)
  Inner (0,0,10,30)
    Leaf #1/0 (0,0,10,10)
    Leaf #3/0 (0,20,10,30)
  Inner (20,0,50,30)
    Inner (20,0,50,10)
      Leaf #2/0 (20,0,30,10)
      Leaf #5/0 (40,0,50,10)
    Inner (20,20,50,30)
      Leaf #4/0 (20,20,30,30)
      Leaf #6/0 (40,20,50,30)
toArray: #1/0 #3/0 #2/0 #5/0 #4/0 #6/0
after removing #1 leafCount=5 rootNull=false
after removing #2 leafCount=4 rootNull=false
after removing #3 leafCount=3 rootNull=false
after removing #4 leafCount=2 rootNull=false
after removing #5 leafCount=1 rootNull=false
after removing #6 leafCount=0 rootNull=true
Q6 multi-shape -> #1/0 #2/0 #2/1
--- tie tree leafCount=3
Inner (0,0,30,30)
  Inner (0,0,20,20)
    Leaf #1/0 (0,0,10,10)
    Leaf #3/0 (10,10,20,20)
  Leaf #2/0 (20,20,30,30)
empty insert leafCount=0 rootNull=true
touching intersects = true
root leaf distanceToRoot threw java.lang.NullPointerException
single removeLeaf leafCount=0 rootNull=true
remove(null) ok, leafCount=0
