   Compiling copper-router v0.1.0 (/Users/em/Development/freerouting/copperroute-corridor-default/crates/copper-router)
    Finished `test` profile [unoptimized + debuginfo] target(s) in 6.01s
     Running tests/shove_revalidation.rs (/Users/em/Development/freerouting/copperroute-congestion-study/target/debug/deps/shove_revalidation-3db121fde1d1f46f)

running 1 test

running 1 test

thread 'default_corridor_guidance_revalidates_paths' (4855252) panicked at crates/copper-router/tests/shove_revalidation.rs:158:5:
assertion `left == right` failed: the newly blocked path is rejected
  left: Some(Int(IntPoint { x: 804926, y: -701946 }))
 right: Some(Int(IntPoint { x: 779636, y: -702181 }))
note: run with `RUST_BACKTRACE=1` environment variable to display a backtrace
test default_corridor_guidance_revalidates_paths ... FAILED

failures:

failures:
    default_corridor_guidance_revalidates_paths

test result: FAILED. 0 passed; 1 failed; 0 ignored; 0 measured; 3 filtered out; finished in 1.74s

test default_corridor_guidance_revalidates_paths ... FAILED

failures:

---- default_corridor_guidance_revalidates_paths stdout ----

thread 'default_corridor_guidance_revalidates_paths' (4855250) panicked at crates/copper-router/tests/shove_revalidation.rs:201:9:
assertion failed: status.success()
note: run with `RUST_BACKTRACE=1` environment variable to display a backtrace


failures:
    default_corridor_guidance_revalidates_paths

test result: FAILED. 0 passed; 1 failed; 0 ignored; 0 measured; 3 filtered out; finished in 1.74s

error: test failed, to rerun pass `-p copper-router --test shove_revalidation`
