main × kicad-issue180-test--test × seed 1
main × kicad-issue184-motorizedopener--motorizedopener × seed 1
main × kicad-issue269-min_fr_test--min_fr_test × seed 1
main × kicad-issue269-noviasonpowerplanes--issue269-noviasonpowerplanes × seed 1
main × kicad-issue269-nowiresonpowerlayers--proba × seed 1
main × kicad-issue283-unconnectedtracesunderpads--natural_tone_preamp × seed 1
main × kicad-issue367-ultraflactyl--ultraflactyl × seed 1
main × kicad-issue368-corneyislandwireless--corney_island_wireless × seed 1
main × kicad-issue558-dev-board-autoroute-demo--dev-board × seed 1
main × kicad-issue632-miniautopilot--mini auto pilot × seed 1
main × kicad-issue742-tastexx-pcb--tastexx-pcb × seed 1
main × pcbench-1-Wire-Wing-pcb_1-Wire_Wing × seed 1
main × pcbench-12v-automatic-ups_ups-12v × seed 1
main × pcbench-16x12-bits-I2C_I2C_Servo × seed 1
main × pcbench-1Bitsy_1bitsy × seed 1
main × pcbench-2d_conduction_sk9822-matrix × seed 1
main × pcbench-4N35-TTL-Serial-Optoisolator_4N35-TTL-Serial-Optoisolator × seed 1
main × pcbench-6N137-TTL-Serial-Optoisolator_6N137-TTL-Serial-Optoisolator × seed 1
main × pcbench-6volt-5W-solar-cc_6vleadacidsolar × seed 1
main × pcbench-74Logic_SA_ADC_SA-ADC × seed 1
main × pcbench-8bit-cpu_arduino_eeprom_programmer × seed 1
main × pcbench-8bit-cpu_programming_interface × seed 1
main × pcbench-655_testboard × seed 1
main × pcbench-96boards-sensors_Sensors × seed 1
main × pcbench-ABOVISP_ABOVISP × seed 1
main × pcbench-ADC-PCM4202-SE_ADC-PCM4202-SE × seed 1
main × pcbench-AIOsense_AIOsense × seed 1
main × pcbench-APC_AtariPunkConsole × seed 1
main × pcbench-APM-RPi-Shield_APM-RPi-Shield × seed 1
main × pcbench-ATmega32_ExploreUltraAvrDevKit_40pin_AVRMCU × seed 1
main × pcbench-ATtiny461Breakout_ATTiny461DevBoard × seed 1
main × pcbench-AS5043-Encoder_sensor-board × seed 1
main × pcbench-AVR-ISP_level-shifter_AVR-ISP_level-shifter × seed 1
main × pcbench-AVR-ISP_pogo-plug_1.27mm_AVR-ISP_pogo-plug_1.27mm × seed 1
main × pcbench-AVR-Playground_hello_world × seed 1
main × pcbench-AVR-ZIF-Programmer_AVR-ZIF-Prog × seed 1
main × pcbench-Amiga-2000-EATX_TICK_OSC_KiCAD_TICK × seed 1
main × pcbench-Amiga-A1012-PCB_Amiga-A1012 × seed 1
main × pcbench-AmpOne_dev-AmpOne × seed 1
main × pcbench-AnalogThermometer_AnalogThermometer × seed 1
main × pcbench-Apple-M0110-BT_Apple M0110 × seed 1
main × pcbench-Arduino-Theremin_arduino-theremin-v1 × seed 1
main × pcbench-Arduino_Lipo_Storage_Discharger_Lipo_Storage_Discharger × seed 1
main × pcbench-Atmel-ICE-Header-Adapter_ice header adapter pcb × seed 1
main × pcbench-Avem_Hardware_Avem_demo × seed 1
main × pcbench-BB-PWR-3608_BB-PWR-3608_revA × seed 1
main × pcbench-AzizLight_AzizLight × seed 1
main × pcbench-BML-Badges_BML-Badges × seed 1
main × pcbench-BLDC-controller_BLDC_controller × seed 1
main × pcbench-BB-PWR-8009_BB-PWR-8009_revA × seed 1
main × pcbench-BirdAttractor_BirdAttractor_RevA × seed 1
main × pcbench-Baofeng-Interface_BaofengInterfaceIsolated × seed 1
main × pcbench-BML-Badges_BML_01 × seed 1
main × pcbench-Biscay_Blueeye_mcu × seed 1
main × pcbench-Biscay_Blueeye_sipm-fpga × seed 1
main × pcbench-Blink-Eras_AVR_ISP_Pogo × seed 1
main × pcbench-BirdAttractor_BirdAttractor_RevC × seed 1
main × pcbench-Blitz_.C68 × seed 1
main × pcbench-BirthdayCakeKeyboard_10Key × seed 1
main × pcbench-Blitz_copy × seed 1
main × pcbench-Box0-hv-analog-breakoutboard_breakout × seed 1
main × pcbench-Blitz_Rev.K_C68 × seed 1
main × pcbench-Brushless_ESC_Brushless_ESC × seed 1
main × pcbench-C-BISCUIT_crowbar × seed 1
main × pcbench-CAL430FR_CAL430F_watch × seed 1
main × pcbench-CAL430FR_CAL430F × seed 1
main × pcbench-CATs-Eurosynth_4CH_Mixer × seed 1
main × pcbench-CATs-Eurosynth_Abakus_Control × seed 1
main × pcbench-CATs-Eurosynth_APC_Eurorack_Main × seed 1
main × pcbench-CATs-Eurosynth_Abakus_Main × seed 1
main × pcbench-CATs-Eurosynth_Arduino_VCO_Main × seed 1
main × pcbench-CATs-Eurosynth_Baby_8 × seed 1
main × pcbench-CATs-Eurosynth_Buffered_Multiple_Main × seed 1
main × pcbench-CATs-Eurosynth_Buffered_Multiple_SMD_Main × seed 1
main × pcbench-CATs-Eurosynth_CGS_Analog_Switch_Matrix_Control × seed 1
main × pcbench-CATs-Eurosynth_CGS_Analog_Switch_Matrix_Main × seed 1
main × pcbench-CATs-Eurosynth_Classic_ADSR_Main × seed 1
main × pcbench-CATs-Eurosynth_Clock_Divider_Control × seed 1
main × pcbench-CATs-Eurosynth_Clock_Divider_Main × seed 1
main × pcbench-CATs-Eurosynth_Dual_VCA_2_Control × seed 1
main × pcbench-CATs-Eurosynth_Dual_VCA_2_Main × seed 1
main × pcbench-CATs-Eurosynth_Envelope_Follower_Main × seed 1
main × pcbench-CATs-Eurosynth_HAGIWO_6Ch_Gate_Sequencer_Main × seed 1
main × pcbench-CATs-Eurosynth_HAGIWO_MultiOut_Control × seed 1
main × pcbench-CATs-Eurosynth_HAGIWO_MultiOut_Main × seed 1
main × pcbench-CATs-Eurosynth_HAGIWO_Ring_Modulator_Main × seed 1
main × pcbench-CATs-Eurosynth_LFO_Main × seed 1
main × pcbench-CATs-Eurosynth_MFOS_Eight_Stage_Phase_Shifter_-_Control × seed 1
main × pcbench-CATs-Eurosynth_MFOS_Eight_Stage_Phase_Shifter_-_Main × seed 1
main × pcbench-CATs-Eurosynth_MFOS_Noise_Cornucopia_Control × seed 1
main × pcbench-CATs-Eurosynth_MFOS_Noise_Cornucopia_Main_1 × seed 1
main × pcbench-CATs-Eurosynth_MFOS_Noise_Cornucopia_Main_2 × seed 1
main × pcbench-CATs-Eurosynth_Main_Rectifier_Main × seed 1
main × pcbench-CATs-Eurosynth_Manual_Gate_Control × seed 1
main × pcbench-CATs-Eurosynth_Manual_Gate_Main × seed 1
main × pcbench-CATs-Eurosynth_Power_Modul_Main × seed 1
main × pcbench-CATs-Eurosynth_S_H_Main × seed 1
main × pcbench-CATs-Eurosynth_Single_Attenuator × seed 1
main × pcbench-CATs-Eurosynth_Slim_Precision_Adder_Main × seed 1
main × pcbench-CATs-Eurosynth_Slimline_VCA_Main × seed 1
main × pcbench-CATs-Eurosynth_Slimline_Voltage_Controlled_Switch_-_Main × seed 1
main × pcbench-CATs-Eurosynth_Vactrol_VCF_-_Main × seed 1
main × pcbench-CATs-Eurosynth_YuSynth_Dual_Balanced_Modulator_Main × seed 1
main × pcbench-CATs-Eurosynth_YuSynth_Improved_Steiner_VCF_Main × seed 1
main × pcbench-CapPCB_CapPcb × seed 1
main × pcbench-Cherry-Mx-Bitboard_Cherry Mx Bitboard × seed 1
main × pcbench-ChirpHardware_chirp × seed 1
main × pcbench-CompactFlashBreakout_CompactFlashBreakout × seed 1
main × pcbench-CoreOne-xCORE200-Original_CoreOne × seed 1
main × pcbench-CubeSAT-Reaction-Wheel_Edison_Motor_Servo × seed 1
main × pcbench-CubeSAT-Reaction-Wheel__autosave-GPIO to motor × seed 1
main × pcbench-Curryboard_Curryboard × seed 1
main × pcbench-DAC-ADAU1966_DAC-ADAU1966 × seed 1
main × pcbench-DC25_DC25 × seed 1
main × pcbench-DIYDAC_DIYDAC × seed 1
main × pcbench-DPS-1200FB_Adapter_Adapter × seed 1
main × pcbench-DaWeather---Project__autosave-CarteDaWeather × seed 1
main × pcbench-DasBlinkinput_Das Blinkinput × seed 1
main × pcbench-Dekada_dekada × seed 1
main × pcbench-Dekada_dekada_TopoR_curves × seed 1
main × pcbench-DerKnopf_digi-pot × seed 1
main × pcbench-DerKnopf_power-supply × seed 1
main × pcbench-DiscoDanceFloorV1_DiscoDongle × seed 1
main × pcbench-DonCon2040_DonConPad × seed 1
main × pcbench-DerKnopf_led-ring × seed 1
main × pcbench-Doorman_doorman_slot × seed 1
main × pcbench-DoroidOscillo-Board_Android_Oscilloscope × seed 1
main × pcbench-DustSensorShield_DustSensorShield × seed 1
main × pcbench-E202VAR-Natural-Radio-Receiver_e202var-vlf-radio-receiver × seed 1
main × pcbench-DualLM317BenchSupply_DualLM317BenchSupply × seed 1
main × pcbench-ESP-12-breakout_ESP12E-breakout × seed 1
main × pcbench-EEGFrontier_EEGFrontier × seed 1
main × pcbench-ESP-Breakout_ESP-Breakout × seed 1
main × pcbench-ESP8266-MQTT-battery-monitor-hw_battery-monitor × seed 1
main × pcbench-ESP32-Module-Breakout_ESP32S-breakout × seed 1
main × pcbench-ESP07-Breakout_ESP07-Breakout × seed 1
main × pcbench-ESPLux_Board × seed 1
main × pcbench-ESP_BaPoTeSta_ESP_BaPoTeSta × seed 1
main × pcbench-ESP_WiFiSwitch_WifiSwitch × seed 1
main × pcbench-Eggbot-Spherebot-polargraph-Controller_eggbot-spherebot-polargraph-controller × seed 1
main × pcbench-Electronics-MainBoard_MainBoard × seed 1
main × pcbench-EncoderBoard_Enc_Pan_Led × seed 1
main × pcbench-EnvOpenPico_EliteMicro2040 × seed 1
main × pcbench-EuroPi_europi-surface-mount × seed 1
main × pcbench-FRM16_Relay_Module_I2C_Controller_relay_controller × seed 1
main × pcbench-FT231X_breakout_FTDI_FT231XS-U_Breakout × seed 1
main × pcbench-Feather-ICE40-PCB_feather_ice40 × seed 1
main × pcbench-FlashProgrammer_flash_programmer × seed 1
main × pcbench-FogDrive_attiny45_slim × seed 1
main × pcbench-GameTiger_GameTiger × seed 1
main × pcbench-HES-V2__autosave-hes × seed 1
main × pcbench-HES-V2_hes × seed 1
main × pcbench-Hangul-Clock_Hangul × seed 1
main × pcbench-HW-AC-Emeter_ac-power-monitor × seed 1
main × pcbench-Hardware-done-with-kicad_AVRlearn × seed 1
main × pcbench-Hardware_Playground_BL_PCB_latest × seed 1
main × pcbench-Hardware_Playground_Touch_Switch_1ch_PCB × seed 1
main × pcbench-Hardware_Playground_buck_led_driver × seed 1
main × pcbench-Hardware_Playground_esp8266_uno_relay × seed 1
main × pcbench-Hardware_Playground_hy_adapter × seed 1
main × pcbench-Hardware_Playground_minimal_node_rfm69w × seed 1
main × pcbench-Hardware_Playground_nrf52832_uno × seed 1
main × pcbench-Hardware_Playground_orange_pi_zero_node × seed 1
main × pcbench-Hardware_Playground_pro_mini × seed 1
main × pcbench-Hardware_Playground_rpi_zero × seed 1
main × pcbench-Hardware_Playground_serial_gw_ATMEGA328P × seed 1
main × pcbench-Hardware_Playground_serial_gw_maple_mini × seed 1
main × pcbench-Hardware_Playground_usb_shield × seed 1
main × pcbench-Hardware_Playground_wifi_lights × seed 1
main × pcbench-HaveSome_PCB_HaveSomePCB × seed 1
main × pcbench-HellScribe_HellScribe × seed 1
main × pcbench-HillhacksLantern_LEDLantern × seed 1
main × pcbench-Hubble_12_bit_analog_out × seed 1
main × pcbench-Hubble_16_bit_analog_out × seed 1
main × pcbench-Hubble_jacks × seed 1
main × pcbench-Hubble_leds × seed 1
main × pcbench-Hubble_mux × seed 1
main × pcbench-I2CTempsensor_sensors × seed 1
main × pcbench-ID-FIX_scanConnect × seed 1
main × pcbench-IR-Transponder-ATTiny85-v2_Transponder_v2 × seed 1
main × pcbench-Hypfer-RGB-W-LED-Controller_led_strip_controller × seed 1
main × pcbench-ISO-port_ch340-usb-serial-isolated × seed 1
main × pcbench-Inkjet_InkjetBreakout × seed 1
main × pcbench-Inhibition_amplifier × seed 1
main × pcbench-Inkjet_InkjetDriver × seed 1
main × pcbench-Inkjet_PiezoDriver × seed 1
main × pcbench-JLink-SWD_JLink-SWD × seed 1
main × pcbench-Inkjet__autosave-InkjetDriver × seed 1
main × pcbench-Kefersender_UKW TX × seed 1
main × pcbench-Keyboard_PCB_Keyboard × seed 1
main × pcbench-KosselHotendBoard_KosselHotendPCB × seed 1
main × pcbench-KiCad-LTC6802-2_main × seed 1
main × pcbench-L6235-PCB_L6235 × seed 1
main × pcbench-LAUNCHXL-F28027-isolation-PCB_project1 × seed 1
main × pcbench-LED-Square_PT4115_LED-Square_PT4115 × seed 1
main × pcbench-LPC2148_Stick_LPC2148_stick × seed 1
main × pcbench-LPC2148_Stick__autosave-LPC2148_stick × seed 1
main × pcbench-LT3652EvalBoard_LT3652EvalBoard × seed 1
main × pcbench-LVDS2TMDS_LVDS2TMDS × seed 1
main × pcbench-LadyBugShield_LBS-TEST1 × seed 1
main × pcbench-LadybugLiteBlue_HW_LadybugBlueLite × seed 1
main × pcbench-LiFePO4-Charge-Controller_LiFePO4-Charge-Controller × seed 1
main × pcbench-Librecalc-Hardware__autosave-calculator × seed 1
main × pcbench-LimitSwitchesPlugin_LimitSwitchesPlugin × seed 1
main × pcbench-LittleArduinoProjects_LEDx16_board × seed 1
main × pcbench-LittleArduinoProjects_sevensegment_led_display_module × seed 1
main × pcbench-LoRaCatTrack_GPSLoRa × seed 1
main × pcbench-LoRaPP_loramod × seed 1
main × pcbench-LongPixel_AnalogDriverMini × seed 1
main × pcbench-MAGFest-2017-Swadges_magfest_badges × seed 1
main × pcbench-MAVRIC_Hardware_ArduinoPracticeBoard × seed 1
main × pcbench-MAVRIC_Hardware_Motherboard × seed 1
main × pcbench-MAVRIC_Hardware_SoilBoard × seed 1
main × pcbench-MAVRIC_Hardware__autosave-Motherboard × seed 1
main × pcbench-MSGEQ7-Breakout-Board_MSGEQ7_Breakout_Board × seed 1
main × pcbench-Mechaduino-DR_Mechaduino DR 1.01 × seed 1
main × pcbench-Minitel_bbb-adapter × seed 1
main × pcbench-Minitel_driver_board × seed 1
main × pcbench-MixSID_mixsid × seed 1
main × pcbench-Mouse_Mouse × seed 1
main × pcbench-MySRaspiGW_MySRaspiGW × seed 1
main × pcbench-MySRaspiGW_MySRaspiGW_PA_LNA × seed 1
main × pcbench-MySRaspiGW_MySRaspiGW_PA_LNA_Pimoroni × seed 1
main × pcbench-MySRaspiGW_MySRaspiGW_Pimoroni × seed 1
main × pcbench-NRC2016_banked_ram × seed 1
main × pcbench-NRC2016_usb_sio × seed 1
main × pcbench-NRC2016_z80 × seed 1
main × pcbench-NavigationThing_NavigationThing × seed 1
main × pcbench-NeoWall_NeoWall × seed 1
main × pcbench-Neptune-Hardware_DataAcquisitionBoard × seed 1
main × pcbench-NiMH-Charger_NiMH Charger × seed 1
main × pcbench-OLD-Stepper-motor-board-design-project_Stepper motor driver × seed 1
main × pcbench-OSHW-reCamera-Series_reCamera_Basically_Board × seed 1
main × pcbench-Omega2-Berrydock_berrydock-mini × seed 1
main × pcbench-Omega2-mini-dock_Omega2 mini-dock × seed 1
main × pcbench-OpAmpPassXsistorBenchSupply_OpAmpPassXsistorBenchSupply × seed 1
main × pcbench-Open-Source-Power-Supply_PowerSupply_PCB × seed 1
main × pcbench-Open-Source-Power-Supply_PowerSupply_PCB_backup × seed 1
main × pcbench-OpenHardwareExG_ActiveElectrode_OpenHardwareExG_ActiveElectrode × seed 1
main × pcbench-OpenHardwareExG_Shield_OpenHardwareExG_Shield × seed 1
main × pcbench-OpenHardwareExG_Shield_OpenHardwareExG_Shield_Test_Board × seed 1
main × pcbench-OpenHardwareExG_Shield_OpenHardwareExG_Shield_Test_Board_all_panelled × seed 1
main × pcbench-OpenVNAVI_driver unit × seed 1
main × pcbench-OpenVNAVI_motor unit × seed 1
main × pcbench-Own-Mailbox-Hardware_eth × seed 1
main × pcbench-Own-Mailbox-Hardware_mailbox × seed 1
main × pcbench-PCB_constant_current_ac_hv × seed 1
main × pcbench-PCB_serie_led_strip × seed 1
main × pcbench-PCB_small_halogen_replacement × seed 1
main × pcbench-PGA2311_pga2311 × seed 1
main × pcbench-POV_POV × seed 1
main × pcbench-PWRmeter_PWMeter × seed 1
main × pcbench-Paperino_HW_Paperino_shield × seed 1
main × pcbench-Paperino_HW_paperino_breakout × seed 1
main × pcbench-Patternflow_patternflow × seed 1
main × pcbench-Phased-Array-Microphone-using-FPGA_SateliteMicrophone × seed 1
main × pcbench-Pi1541io_Pi1541io × seed 1
main × pcbench-Pi5_PCIe_Pi5_PCIe × seed 1
main × pcbench-PixyWirelessShield_Shield PIXY × seed 1
main × pcbench-PmodHDMIIn_PmodHDMIIn × seed 1
main × pcbench-PocketBone_pocketbone-kicad × seed 1
main × pcbench-Practicas-Curso-Kicad_Ejercicio_2 × seed 1
main × pcbench-Practicas-Curso-Kicad_Salguero_Federico2 × seed 1
main × pcbench-Prototyping_Workshop_Prototyping_PCB × seed 1
main × pcbench-PsuFanController_FanController × seed 1
main × pcbench-QRPCard_QRPCard × seed 1
main × pcbench-R1002_R1002 × seed 1
main × pcbench-RC2014_RC2014 IDE × seed 1
main × pcbench-RC2014_RC2014 RAM × seed 1
main × pcbench-RC2014_RC2014 Tandy Sound Card × seed 1
main × pcbench-RC6502-Apple-1-Replica_RC6502_Apple_1_SBC × seed 1
main × pcbench-RC6502-Apple-1-Replica_RC6502_Terminal × seed 1
main × pcbench-RC6502-Apple-1-Replica_RC6502_VDU × seed 1
main × pcbench-RFM69HCW_ATSHA204A_Breakout_RFM69HCW_ATSHA204A_Breakout × seed 1
main × pcbench-RGBMatrixPanelCPLD-PhotonBackpack_RGBMatrixPanel_CPLD_negative × seed 1
main × pcbench-RGBMatrixPanelCPLD-PhotonBackpack_RGBMatrixPanel_CPLD_positive × seed 1
main × pcbench-RPi-PWM-Fan-interface_RPi PWM Fan interface × seed 1
main × pcbench-RX5808_diversityModule × seed 1
main × pcbench-RX5808_rx5808_4button × seed 1
main × pcbench-Raspberry-Pi-Soft-Power-Controller_Switching Supply TPS563208 MCI × seed 1
main × pcbench-Raspberry-Pi-Soft-Power-Controller_Zero Current Soft Power × seed 1
main × pcbench-ReSDMAC_ReSDMAC × seed 1
main × pcbench-ReST32_ReST RRD-FGC-Adapter × seed 1
main × pcbench-ReST32_ReST SD-Module × seed 1
main × pcbench-Retro1DecodingModules_AddressDecoderModule × seed 1
main × pcbench-RetroWiFiModem_RetroWiFiModem × seed 1
main × pcbench-RoBoC_CameraAdaptor × seed 1
main × pcbench-RoBoC_RoboticsMKII × seed 1
main × pcbench-S1G-Mod_JST_Adapter × seed 1
main × pcbench-S4A-Mini-board_s4a-mini-board × seed 1
main × pcbench-SMDBreakouts_smd_breakout × seed 1
main × pcbench-SMDBreakouts_smd_breakout_quad × seed 1
main × pcbench-SNAP-Badge_SNAP_badge × seed 1
main × pcbench-SOICbite_SOICbite_SWD × seed 1
main × pcbench-STM32F303_LQFP48_STM32_LQFP48 × seed 1
main × pcbench-STM32F373_LQFP48_STM32_LQFP48 × seed 1
main × pcbench-Shift-in-32-HC165_shift-in × seed 1
main × pcbench-Shift-out-32-HC595_Shift-out × seed 1
main × pcbench-SimpleCPLD_SimpleCPLD × seed 1
main × pcbench-SmartLaserCO2-PCB_LaserPointer × seed 1
main × pcbench-SmartLaserCO2-PCB_OptAdjust × seed 1
main × pcbench-SmartLaserCO2-PCB_WaterCool × seed 1
main × pcbench-Solare-BQ24210_Solare-BQ24210 × seed 1
main × pcbench-SparkSwitch_SparkProtectionSwitch × seed 1
main × pcbench-Starburst-One_alpha × seed 1
main × pcbench-Starling_Starling_V1 × seed 1
main × pcbench-Starling__autosave-Starling WiPSU ver_0.1 × seed 1
main × pcbench-SynthDrumTrigger_Synth Drum Trigger × seed 1
main × pcbench-TB6600StepperDriver_DEW_TB6600-V1 × seed 1
main × pcbench-TK44_TK44 × seed 1
main × pcbench-TLPHnodeV2_TLPHnodeV2 × seed 1
main × pcbench-TMC261-stepstick_TMC261-stepstick-v1.1 × seed 1
main × pcbench-TX5823_TX5823 × seed 1
main × pcbench-Teensy-3.5-Breakout-Boaard_PropShield_Uno × seed 1
main × pcbench-Teensy-3.5-Breakout-Boaard_TeensyMegaIoShield × seed 1
main × pcbench-Teensy-3.5-Breakout-Boaard_Test × seed 1
main × pcbench-Teensy-Hats_Teensy-7-Segment-Hat × seed 1
main × pcbench-Teensy-Hats_Teensy-LCD-LiDAR-Hat × seed 1
main × pcbench-TeensyProtoboard_TeensyProtoboard × seed 1
main × pcbench-ThinkerShield_ThinkerShield × seed 1
main × pcbench-TinyTracker_ub-minimal × seed 1
main × pcbench-ToslinkCNC_Toslink PlanetCNC ECO shield × seed 1
main × pcbench-ToslinkCNC__autosave-ToslinkCNC_OneAxis × seed 1
main × pcbench-ToslinkCNC_toslink_arduino_shield × seed 1
main × pcbench-TripleDelay2399_TripleDelay2399 × seed 1
main × pcbench-ULPI-Pmod_ULPI-Pmod × seed 1
main × pcbench-UProgrammer-Hardware_Programmer × seed 1
main × pcbench-UltraPIF_Hardware_led × seed 1
main × pcbench-UltraPIF_Hardware_pif_adapter × seed 1
main × pcbench-UltrasonicSystem_Schematic × seed 1
main × pcbench-UniversalBoard4Nucleo_Nucleo_Universal_Board × seed 1
main × pcbench-Usb-Serial-Breakout-Cp2102_cp2102 × seed 1
main × pcbench-VC4000MultiROM_MultiRomCard × seed 1
main × pcbench-VM-sensor-PT1000_vm-sensor-pt100 × seed 1
main × pcbench-Ventilator_indicator-board × seed 1
main × pcbench-Ventilator_pressure_XGZP6897A × seed 1
main × pcbench-Ventilator_pressure_mpx5700ap_gp × seed 1
main × pcbench-Ventilator_pressure_mpxv5004_10dp × seed 1
main × pcbench-Ventilator_pressure_mpxv5004dp × seed 1
main × pcbench-Ventilator_pressure_mpxv5010dp × seed 1
main × pcbench-Ventilator_pressure_ms4525do × seed 1
main × pcbench-WHCS-Base-Station_base-station × seed 1
main × pcbench-WS2811LEDMatrix_matrixcontrol × seed 1
main × pcbench-WeatherSpot_vreg_pressure × seed 1
main × pcbench-WordClock_v2.0_WordClock_v2 × seed 1
main × pcbench-Youyue-858D-plus-MCU-adapter_youyue-858d-plus-mcu-adapter × seed 1
main × pcbench-abus-cfa1000-display-grabber_acs-display-grabber × seed 1
main × pcbench-aciduino_aciduino_pcb × seed 1
main × pcbench-airqualitystation_hardware × seed 1
main × pcbench-akuhei_akuhei × seed 1
main × pcbench-alu_gate_xnor_2in × seed 1
main × pcbench-amalthea_amalthea_rev0 × seed 1
main × pcbench-analog_esr_meter_esr_meter_rev_a × seed 1
main × pcbench-anima_MotorDrive × seed 1
main × pcbench-antdroid-board_antdroid-board × seed 1
main × pcbench-apa102lantern_apa102-lantern-side × seed 1
main × pcbench-arduino-led-driver_arduino-led-driver × seed 1
main × pcbench-arduino_arduino leds × seed 1
main × pcbench-atmegax8-protoboard_atmegax8-protoboard × seed 1
main × pcbench-atmel-programmer_atmel_programmer × seed 1
main × pcbench-audio_relay_input_switch_relay_switch × seed 1
main × pcbench-audprog_audprog_v2 × seed 1
main × pcbench-autohat-board_inverted-usd-adapter × seed 1
main × pcbench-autohat-board_usd-adapter × seed 1
main × pcbench-avr-fuser-32_adapter × seed 1
main × pcbench-avr_ledprojector_avr_ledprojection × seed 1
main × pcbench-avr_ledprojector_avr_ledprojection-0402 × seed 1
main × pcbench-azalea_azalea × seed 1
main × pcbench-badge2016_Badge_init × seed 1
main × pcbench-balena-rover-wide-hat_resin-rover × seed 1
main × pcbench-basic_esp_board_basic_esp_board × seed 1
main × pcbench-beast-phat_beast-phat × seed 1
main × pcbench-bee-light-measurement-matrix_bee-light-measurement-matrix × seed 1
main × pcbench-beer-gauge_sensorboard × seed 1
main × pcbench-beryl_rain_beryl_rain × seed 1
main × pcbench-beyblock20_beyblock20 × seed 1
main × pcbench-bikedar_bikedar × seed 1
main × pcbench-blackmagic-isolated_mmp × seed 1
main × pcbench-bldc-gimbal-1d_gimbal-board × seed 1
main × pcbench-blinky-badge_blinky × seed 1
main × pcbench-bms-8s50-ic_bms-8s50-ic × seed 1
main × pcbench-bmw-ibus-bluetooth_bmw_bt_cdcemu_analog × seed 1
main × pcbench-bmw-ibus-bluetooth_bmw_bt_cdcemu_digital × seed 1
main × pcbench-board_armjtag_pmod_compatible_armjtag-pmod × seed 1
main × pcbench-boards_shift-register-demo-v2 × seed 1
main × pcbench-boatcontrol_CommonCathode60A × seed 1
main × pcbench-boatcontrol_NonLatchingNO30A × seed 1
main × pcbench-bobc_LCD-panel-adapter-lvc × seed 1
main × pcbench-bobc_MS-F100 × seed 1
main × pcbench-bobc_led_clock × seed 1
main × pcbench-bobc_matrix_clock × seed 1
main × pcbench-bpnode-bb_BPnode-BB × seed 1
main × pcbench-breakout-boards_50-to-100 × seed 1
main × pcbench-breakout-boards_avr-isp-x2 × seed 1
main × pcbench-breakout-boards_esp8266-jtag × seed 1
main × pcbench-breakout-boards_swd-and-uart × seed 1
main × pcbench-breakout-boards_swd-to-wires × seed 1
main × pcbench-bristle_bot_light_follow_bristle_bot × seed 1
main × pcbench-busblaster-to-swd_busblaster-to-swd × seed 1
main × pcbench-bypass_crossmix_bypass_crossmix × seed 1
main × pcbench-can_firewall_hardware_CAN_Firewall × seed 1
main × pcbench-cdm324_backpack_cdm324 × seed 1
main × pcbench-ciurlys_ciurlys × seed 1
main × pcbench-clock_lcdb4 × seed 1
main × pcbench-cnlohr_wiflier × seed 1
main × pcbench-cnlohr_wiflier_B × seed 1
main × pcbench-continuity-tester_continuity-tester × seed 1
main × pcbench-cookiecutter-xsproduct_{{cookiecutter.product_name}} × seed 1
main × pcbench-crossover-schiit-stack_xover4schiit × seed 1
main × pcbench-custom_cpu--ALU_custom_cpu--ALU × seed 1
main × pcbench-custom_cpu--register_custom_cpu--register × seed 1
main × pcbench-data-manager_data-manager × seed 1
main × pcbench-decelerator4030_decelerator4030 × seed 1
main × pcbench-denbit_basic × seed 1
main × pcbench-deskbot_breakout × seed 1
main × pcbench-devttys0_IRis × seed 1
main × pcbench-digital_clock_led_clock_3_and_4_digit × seed 1
main × pcbench-digital_clock_led_clock_v1 × seed 1
main × pcbench-disco-dongle_DiscoDongle × seed 1
main × pcbench-divergence_meter_dm_control × seed 1
main × pcbench-domotics_base-board-arranged × seed 1
main × pcbench-dorkyboard_keyboard × seed 1
main × pcbench-drawduino_drawduino × seed 1
main × pcbench-dust_sensor_dust_sensor × seed 1
main × pcbench-dustbox_Dustbox × seed 1
main × pcbench-eBUS-Adapter_Groeger × seed 1
main × pcbench-eeg_brainboard_batteryv0 × seed 1
main × pcbench-eink-adapter_eink × seed 1
main × pcbench-epaper-102_epaper-102 × seed 1
main × pcbench-epapercard_epapercard × seed 1
main × pcbench-ergo-snm-keyboard_receiver × seed 1
main × pcbench-esp-leipa_esp-12 × seed 1
main × pcbench-esp-serial-terminal_esp-com × seed 1
main × pcbench-esp12-appliance_mod_esp12-appliance-mod × seed 1
main × pcbench-esp12-breakout_ESP12Breakout × seed 1
main × pcbench-esp32-4-channel-relays_esp32-4-channel-relays × seed 1
main × pcbench-esp32-ethernet_esp32-ethernet × seed 1
main × pcbench-esp32stack_esp32stack × seed 1
main × pcbench-esp8266-for-uppatvind_Air-Purifier-Uppatvind × seed 1
main × pcbench-esp8266_32x32panel_esp_12_f_595 × seed 1
main × pcbench-esp8266_32x32panel_esp_12_f_595_ORDERED × seed 1
main × pcbench-esp8266_envmonitor_environment-monitor × seed 1
main × pcbench-esp8266_envmonitor_environment-monitor-1.2 × seed 1
main × pcbench-esp8266_envmonitor_environment-monitor-1.4 × seed 1
main × pcbench-esp8266_link_test_esp_micro85-only × seed 1
main × pcbench-esp8266_network_speaker_esp_network_speaker × seed 1
main × pcbench-esp8266_wi07_3_adapter_esp × seed 1
main × pcbench-espalarm_alarm × seed 1
main × pcbench-esper_EsperDNS × seed 1
main × pcbench-esper_programmer × seed 1
main × pcbench-espeverywhere__autosave-espeverywhere_breakout × seed 1
main × pcbench-espionage_esplight × seed 1
main × pcbench-everled_everled × seed 1
main × pcbench-ezusb-logicanalyzer_cypress_logic_analyzer × seed 1
main × pcbench-f.60_keyboard × seed 1
main × pcbench-fan_controller_fan_controller × seed 1
main × pcbench-fifogfx_c64cart × seed 1
main × pcbench-filament_extruder_sensor × seed 1
main × pcbench-fingerprint-with-esp32_quet van tay × seed 1
main × pcbench-firefly-jar_solar_lamp × seed 1
main × pcbench-fp2_extension_sample_fp2_usb_breakout × seed 1
main × pcbench-free-of-charge_BMS × seed 1
main × pcbench-freeDSP-CLASSIC-SMD-BALANCED_FreeDSP_BAL × seed 1
main × pcbench-freeUSBi_USBi_Programmer × seed 1
main × pcbench-ftdi-jtag-programmer_JTAGProgrammer × seed 1
main × pcbench-gb-hardware_GB-BRK-M-XS × seed 1
main × pcbench-gb-hardware_GB-BRK-TR-A × seed 1
main × pcbench-gb-hardware_GB-CART256K-A × seed 1
main × pcbench-gb-hardware_GB-CART32K-A × seed 1
main × pcbench-gb-hardware_GB-CARTPP-XC × seed 1
main × pcbench-gb-hardware_GB-LIVE32 × seed 1
main × pcbench-gb-hardware_GB-MBCTEST × seed 1
main × pcbench-gdrom_adapter_board_adapter × seed 1
main × pcbench-gepetto_circuito × seed 1
main × pcbench-guitar_fret × seed 1
main × pcbench-gwurrbus_pwm × seed 1
main × pcbench-hackaday_esp-14_power_meter__autosave-esp-14 × seed 1
main × pcbench-hackpad_orpheuspad_pcb × seed 1
main × pcbench-hackyflasher_Flasher × seed 1
main × pcbench-hardware-designs_c-trigger × seed 1
main × pcbench-hardware-designs_m-trigger × seed 1
main × pcbench-hardware-designs_nixie-combo × seed 1
main × pcbench-hardware-designs_nixie-power × seed 1
main × pcbench-hardware-designs_soil-moisture-sensor × seed 1
main × pcbench-hardware-designs_solar-harvester × seed 1
main × pcbench-hardware-designs_spsgrf-board × seed 1
main × pcbench-hbr-mk2_hbr-mk2-bpfs × seed 1
main × pcbench-hbr-mk2_hbr-mk2-digital × seed 1
main × pcbench-hbr-mk2_hbr-mk2-lpfs × seed 1
main × pcbench-headstage-adapter_headstage adapter × seed 1
main × pcbench-helmholtz-servo_CurrentServo × seed 1
main × pcbench-hm-mod-rpi-rtc_hm-mod-rpi-rtc × seed 1
main × pcbench-hw_trials_demo × seed 1
main × pcbench-hwstar_ac-power-monitor × seed 1
main × pcbench-icehat_icehat × seed 1
main × pcbench-imfr-schematics_Telescopio × seed 1
main × pcbench-induction-hob_temperature-sender × seed 1
main × pcbench-jadonk_PocketBone × seed 1
main × pcbench-jdy-08-board_jdy-08 × seed 1
main × pcbench-juno-chorus-clone_juno-chorus-clone × seed 1
main × pcbench-karabas-nano_karabas-nano-revA × seed 1
main × pcbench-karabas-nano_karabas-nano-revB × seed 1
main × pcbench-karabas-nano_karabas-nano-revC × seed 1
main × pcbench-karabas-nano_karabas-nano-revG × seed 1
main × pcbench-karabas-nano_wifi_revA × seed 1
main × pcbench-kassenautomat.mdb-interface_mdb-interface × seed 1
main × pcbench-keyboards_Djinn × seed 1
main × pcbench-kicad-guitar-preamp_Preamp-Instructables × seed 1
main × pcbench-kicad-projects_BatCharge × seed 1
main × pcbench-kicad-projects_ili9341-breakout × seed 1
main × pcbench-kicad_bbb-melzi × seed 1
main × pcbench-kika-in-space_DS8500 × seed 1
main × pcbench-kika-in-space_analog-test-board × seed 1
main × pcbench-kinetoscope_ethernet × seed 1
main × pcbench-kinetoscope_microcontroller × seed 1
main × pcbench-kinetoscope_sram-bank × seed 1
main × pcbench-kit2-led-cube_led_cube × seed 1
main × pcbench-kitspace_12V5A_breakout × seed 1
main × pcbench-kitspace_12_24_boost_converter × seed 1
main × pcbench-kitspace_40-channel-hv-switching-board × seed 1
main × pcbench-kitspace_4_switch_array × seed 1
main × pcbench-kitspace_8_switch_array × seed 1
main × pcbench-kitspace_BQ25570_Harvester × seed 1
main × pcbench-kitspace_CH330 × seed 1
main × pcbench-kitspace_CO2 × seed 1
main × pcbench-kitspace_DIY_detector × seed 1
main × pcbench-kitspace_Lcr_addon × seed 1
main × pcbench-kitspace_Minisumo_V2.1 × seed 1
main × pcbench-kitspace_OSO-BOOK-C1 × seed 1
main × pcbench-kitspace_OtterScreen × seed 1
main × pcbench-kitspace_PSLab × seed 1
main × pcbench-kitspace_Potentiometer_mount_4LED × seed 1
main × pcbench-kitspace_Potentiometer_mount_8LED × seed 1
main × pcbench-kitspace_RPi_shield × seed 1
main × pcbench-kitspace_T32_ref × seed 1
main × pcbench-kitspace_USB-C-Screen-Adapter × seed 1
main × pcbench-kitspace_USB-C-Screen-Adapter-LDR6023SS × seed 1
main × pcbench-kitspace__autosave-nunchuk_breakout × seed 1
main × pcbench-kitspace_aquarius × seed 1
main × pcbench-kitspace_ardfpga × seed 1
main × pcbench-kitspace_beehive × seed 1
main × pcbench-kitspace_dropbot-front-panel × seed 1
main × pcbench-kitspace_dropbot_control_board × seed 1
main × pcbench-kitspace_dynamixel_shield × seed 1
main × pcbench-kitspace_esp8266 × seed 1
main × pcbench-kitspace_flypi × seed 1
main × pcbench-kitspace_flypi_v2 × seed 1
main × pcbench-kitspace_gas_sensor × seed 1
main × pcbench-kitspace_grove_adaptor × seed 1
main × pcbench-kitspace_hbridge_driver × seed 1
main × pcbench-kitspace_hp_led_switch × seed 1
main × pcbench-kitspace_hum_temp_sensor × seed 1
main × pcbench-kitspace_ideal_diode × seed 1
main × pcbench-kitspace_ir_sensor × seed 1
main × pcbench-kitspace_led_driver × seed 1
main × pcbench-kitspace_level_shifter × seed 1
main × pcbench-kitspace_minisumo_v3 × seed 1
main × pcbench-kitspace_nunchuk_breakout × seed 1
main × pcbench-kitspace_peltier × seed 1
main × pcbench-kitspace_piezo_amplifier × seed 1
main × pcbench-kitspace_pmt_combiner × seed 1
main × pcbench-kitspace_power_supply × seed 1
main × pcbench-kitspace_sensor × seed 1
main × pcbench-kitspace_solenoid_driver × seed 1
main × pcbench-kitspace_spike_n_hold × seed 1
main × pcbench-kitspace_sympetrum-v2%20NFF1.1 × seed 1
main × pcbench-kitspace_teensy-fx × seed 1
main × pcbench-kitspace_temp_breakout × seed 1
main × pcbench-kitspace_threeboard × seed 1
main × pcbench-kitspace_training_board_v02 × seed 1
main × pcbench-kitspace_trans_switch_volt_amp × seed 1
main × pcbench-kitspace_tt_nano_HAT_b1 × seed 1
main × pcbench-kitspace_tt_nano_HAT_b2 × seed 1
main × pcbench-kitspace_tt_opt101_module_b1 × seed 1
main × pcbench-klangorium_logic_noise_playground × seed 1
main × pcbench-komputer-klavier_KomputerKlavier × seed 1
main × pcbench-led-wordclock_wordclock × seed 1
main × pcbench-led_array_atmega8_led_array × seed 1
main × pcbench-lfi-rig_lfi-driver × seed 1
main × pcbench-light-painting-wand_light-wand × seed 1
main × pcbench-linklayer_contact × seed 1
main × pcbench-low-power-counter_lpcounter × seed 1
main × pcbench-m2-electronics_m2fc × seed 1
main × pcbench-m2-electronics_m2pogo × seed 1
main × pcbench-m2-electronics_m2r × seed 1
main × pcbench-m2-electronics_m2rl × seed 1
main × pcbench-mac-pro-conversion_front-panel-power-adapter × seed 1
main × pcbench-magic-table_etch-a-sketch_cyclone × seed 1
main × pcbench-makerspace-emonth_resistor_board × seed 1
main × pcbench-marlin-neopixel-bridge_ATtiny85_Marneo × seed 1
main × pcbench-mavbridge_mavbridge × seed 1
main × pcbench-maytal_Maytal × seed 1
main × pcbench-mdbwerk_mdbwerk × seed 1
main × pcbench-mearm-base-pcb_ServoPCB × seed 1
main × pcbench-mechkeys_lfk78-jtag × seed 1
main × pcbench-medusa_medusa_rs422_rx × seed 1
main × pcbench-memory-display_memory-display × seed 1
main × pcbench-memsarray_mems_array × seed 1
main × pcbench-microphone_preamp × seed 1
main × pcbench-mightyduino_mightyduino × seed 1
main × pcbench-mikoto_mikoto-flashbed × seed 1
main × pcbench-mini_ice40_mini_ice40 × seed 1
main × pcbench-miniboard-opamp_miniboard-opamp × seed 1
main × pcbench-miniboard-stm32f0_miniboard-stm32f0 × seed 1
main × pcbench-mobile-sensor-pcb_mobile-sensor-pcb × seed 1
main × pcbench-mojo-nes_mojo-nes × seed 1
main × pcbench-motor-3xdrv8833-hw_ver1 × seed 1
main × pcbench-mppt-2420-hc_mppt-2420-hc × seed 1
main × pcbench-mppt-2420-hpx_mppt-2420-hpx × seed 1
main × pcbench-nRF24breakoutBoard_nRF24-breakout × seed 1
main × pcbench-nand_programmer_adapter_tsop48 × seed 1
main × pcbench-nanoSwinSidC_nanoSwinSidC × seed 1
main × pcbench-navelino-leaf_navelino-leaf × seed 1
main × pcbench-nextbusclock_NextBusClockV1 × seed 1
main × pcbench-nfl-led-scoreboard_passive-rpi-hub75-adapter × seed 1
main × pcbench-nfl-led-scoreboard_passive3-rpi-hub75-adapter × seed 1
main × pcbench-nikon_gps_nikon_gps × seed 1
main × pcbench-nixie-clock_ab18x5-breakout × seed 1
main × pcbench-nodemcu-backstage_NodeMCU Backstage × seed 1
main × pcbench-nodemcu-basecamp_NodeMCU Basecamp × seed 1
main × pcbench-nonSNES_SNSP-CPU-1CHIP × seed 1
main × pcbench-nrf2rfm69_nrf2rfm69 × seed 1
main × pcbench-nunchuk_rf_hw_NunchukRF_V3 × seed 1
main × pcbench-oasis_ledboard × seed 1
main × pcbench-oled-bmp280-touch_oled-bmp280-touch × seed 1
main × pcbench-one-shift-register_one-shift-register × seed 1
main × pcbench-onion2-breakout_onion2 breakout × seed 1
main × pcbench-opentilt_opentilt2 × seed 1
main × pcbench-oshtimer_transponder × seed 1
main × pcbench-ottawa-badges-2016_ottawa-badge-tagger-2016 × seed 1
main × pcbench-ozinverter_ozinverterkicad × seed 1
main × pcbench-pcb-covox-amp-v2_pcb-covox-amp-v2 × seed 1
main × pcbench-pcb-covox-amp_pcb-covox-amp × seed 1
main × pcbench-pcb-ks0108-128x64-glcd_circuit × seed 1
main × pcbench-pcb-usb-ft245r-parallel-adapter_pcb-usb-ft245r-parallel-adapter × seed 1
main × pcbench-pesho_pesho × seed 1
main × pcbench-phone_rtty_interface_phone_rtty_rev_a × seed 1
main × pcbench-phone_rtty_interface_phone_rtty_rev_b × seed 1
main × pcbench-photon_Sprinkler_sprinkler × seed 1
main × pcbench-pi-zero-stepper-board_pi-zero-stepper-board × seed 1
main × pcbench-pi_plant_MCP3002 × seed 1
main × pcbench-pico-pi-rel_pico-pi × seed 1
main × pcbench-pmw3360-pcb_pmw3360_pcb_jst × seed 1
main × pcbench-pocketbone-kicad_pocketbone-kicad × seed 1
main × pcbench-polypoint_pinpoint_timebase × seed 1
main × pcbench-ponyser-pcb_Ponyser × seed 1
main × pcbench-preamp-two_input-selector × seed 1
main × pcbench-preamp-two_mcu-board × seed 1
main × pcbench-preamp-two_mdac-attenuator × seed 1
main × pcbench-prog-cc-100mA_prog-cc-100mA × seed 1
main × pcbench-project-hydra-meshtastic-pcb_meshtastic-diy × seed 1
main × pcbench-pulse_v1_pulse × seed 1
main × pcbench-pusheenz40_sadcatz40 × seed 1
main × pcbench-pwm-2420-lus_pwm-2420-lus × seed 1
main × pcbench-radio_antenna-iridium × seed 1
main × pcbench-raspberry_pi_pullup_button_pullup_shutdown_button × seed 1
main × pcbench-raspberry_pi_pullup_button_pullup_shutdown_button(revB) × seed 1
main × pcbench-rc2014_bank_switcher_z80_cpm_mmu × seed 1
main × pcbench-real-time-chess_kfchess × seed 1
main × pcbench-recalbox-gpio-board__autosave-board × seed 1
main × pcbench-recalbox-gpio-board_board × seed 1
main × pcbench-retrocon_bbb-adapter × seed 1
main × pcbench-retrocon_driver_board × seed 1
main × pcbench-retroreflectors_TANGOFLOCK × seed 1
main × pcbench-rfcx-sentinel-pcb_Mainboard × seed 1
main × pcbench-rfidBoard_rfid × seed 1
main × pcbench-rgb-led_rgb-led-v2 × seed 1
main × pcbench-rgb-strip-controller__autosave-rgb-strip × seed 1
main × pcbench-rgb2ypbpr_rgb2ypbpr × seed 1
main × pcbench-rjw57_cpu-board × seed 1
main × pcbench-roomba-ESP12E_roomba-esp × seed 1
main × pcbench-rotary-encoder-breakout_rotary-encoder-breakout × seed 1
main × pcbench-royer_royer × seed 1
main × pcbench-rp2040-dmxsun_baseboard_2slots × seed 1
main × pcbench-rp2040-dmxsun_baseboard_4slots × seed 1
main × pcbench-rs485-moist-sensor_adapter-por × seed 1
main × pcbench-rs485-moist-sensor_interconnect × seed 1
main × pcbench-rs485-moist-sensor_rs485-moist-sensor × seed 1
main × pcbench-rufs__autosave-simple_kicad_schema_and_pcb_v1 × seed 1
main × pcbench-rufs_aprs_tracker × seed 1
main × pcbench-rufs_dra818v_breakout_board × seed 1
main × pcbench-rufs_simple_kicad_schema_and_pcb_v1 × seed 1
main × pcbench-rufs_smart_psu × seed 1
main × pcbench-rufs_spv1040_power_controller × seed 1
main × pcbench-rxadc_14_rxadc_14 × seed 1
main × pcbench-saiboard_3x8 × seed 1
main × pcbench-saiboard_8x3 × seed 1
main × pcbench-scimpy_amp × seed 1
main × pcbench-scimpy_crossover × seed 1
main × pcbench-scimpy_powersupply × seed 1
main × pcbench-scimpy_volumebuffer × seed 1
main × pcbench-sensorboard_DiffIR × seed 1
main × pcbench-sensorboard_DiffIR.kicad_pcb_narrow × seed 1
main × pcbench-shutter_Shutter V4 × seed 1
main × pcbench-shutter_speed_tester_shutter_speed_tester × seed 1
main × pcbench-simplebus2-intercom_repeater_v2 × seed 1
main × pcbench-sms-cart-32k_cart × seed 1
main × pcbench-smt-zvs-driver_IH10-sl × seed 1
main × pcbench-snappi-zero_snappi-zero × seed 1
main × pcbench-soil-moisture-sensor-analog_analog-moist-sensor × seed 1
main × pcbench-solar-lanterns_proto1 × seed 1
main × pcbench-sonic3_feram_adapter_sonic3_feram_adapter × seed 1
main × pcbench-spisolator_spisolator × seed 1
main × pcbench-split-pcb-throughole_splanck throughhole × seed 1
main × pcbench-srambo_1_srambo_1 × seed 1
main × pcbench-ssr-wifi_adapter × seed 1
main × pcbench-starfish_starfish × seed 1
main × pcbench-starsynctrackers_reset_switch × seed 1
main × pcbench-stlinkv2_breakout_stlink_breakout × seed 1
main × pcbench-stm32_ccd_camera_ccd × seed 1
main × pcbench-stubby_hex × seed 1
main × pcbench-sv650sds_sds_tool × seed 1
main × pcbench-taira-keyboard_tairakb × seed 1
main × pcbench-tbd_tbd × seed 1
main × pcbench-tdstat_TDstatv2 × seed 1
main × pcbench-technoshield-ui-hw_technoshield × seed 1
main × pcbench-teensy-touch_teensy-touch × seed 1
main × pcbench-teensy-weather-badge_teensyi2c × seed 1
main × pcbench-teensy-wifi-weather-logger_teensyi2c × seed 1
main × pcbench-temperature-alarm_controller × seed 1
main × pcbench-tepmachcha_tepmachcha × seed 1
main × pcbench-tessel-ice40__autosave-project × seed 1
main × pcbench-thatmicpre_thatmicpre_v1 × seed 1
main × pcbench-thatmicpre_thatmicpre_v2 × seed 1
main × pcbench-thegrid_thegrid × seed 1
main × pcbench-thingBot-LoRa_thingBot-LoRa_v1P0 × seed 1
main × pcbench-thingBot-LoRa_thingBot-LoRa_v1P1 × seed 1
main × pcbench-timecircuits-hardware_BTTF-TimeCircuits × seed 1
main × pcbench-tiny-8088_Computer × seed 1
main × pcbench-tinyFISH_tinyBRUSH × seed 1
main × pcbench-tinyisp-micro_tinyispmicro × seed 1
main × pcbench-tinymuseum_museum × seed 1
main × pcbench-type5_type5 × seed 1
main × pcbench-uC3Moy_uC3Moy × seed 1
main × pcbench-uSKY_uSKY × seed 1
main × pcbench-uext-esp32_UEXT_ESP32 × seed 1
main × pcbench-usb_rs232c_usb_rs232c_rev_a × seed 1
main × pcbench-vatx_vatx × seed 1
main × pcbench-vdcmon_vdcmon × seed 1
main × pcbench-wavegen_rev3 × seed 1
main × pcbench-wavegen_waveform-generator × seed 1
main × pcbench-wavegen_waveform-generator-rev1 × seed 1
main × pcbench-wavegen_wavegen × seed 1
main × pcbench-wifiLCD_wifilcd × seed 1
main × pcbench-xmasOrn_xmasOrn × seed 1
main × pcbench-xwhatits-capsense-controller_model-f-3178-adaptor × seed 1
main × pcbench-z2amiller_sensorboard_programmer × seed 1
main × pcbench-zx-sizif-128_sizif128 × seed 1
main × pcbench-zx-sizif-512-ext_sizif512ext × seed 1
main × pcbench-zx-sizif-512-wifi_sizif512-wifi × seed 1
main × pcbench-zx-sizif-xxs_sizif-xxs × seed 1
neckdown × kicad-issue180-test--test × seed 1
neckdown × kicad-issue184-motorizedopener--motorizedopener × seed 1
neckdown × kicad-issue269-min_fr_test--min_fr_test × seed 1
neckdown × kicad-issue269-noviasonpowerplanes--issue269-noviasonpowerplanes × seed 1
neckdown × kicad-issue269-nowiresonpowerlayers--proba × seed 1
neckdown × kicad-issue283-unconnectedtracesunderpads--natural_tone_preamp × seed 1
neckdown × kicad-issue367-ultraflactyl--ultraflactyl × seed 1
neckdown × kicad-issue368-corneyislandwireless--corney_island_wireless × seed 1
neckdown × kicad-issue558-dev-board-autoroute-demo--dev-board × seed 1
neckdown × kicad-issue632-miniautopilot--mini auto pilot × seed 1
neckdown × kicad-issue742-tastexx-pcb--tastexx-pcb × seed 1
neckdown × pcbench-1-Wire-Wing-pcb_1-Wire_Wing × seed 1
neckdown × pcbench-12v-automatic-ups_ups-12v × seed 1
neckdown × pcbench-16x12-bits-I2C_I2C_Servo × seed 1
neckdown × pcbench-1Bitsy_1bitsy × seed 1
neckdown × pcbench-2d_conduction_sk9822-matrix × seed 1
neckdown × pcbench-4N35-TTL-Serial-Optoisolator_4N35-TTL-Serial-Optoisolator × seed 1
neckdown × pcbench-655_testboard × seed 1
neckdown × pcbench-6N137-TTL-Serial-Optoisolator_6N137-TTL-Serial-Optoisolator × seed 1
neckdown × pcbench-6volt-5W-solar-cc_6vleadacidsolar × seed 1
neckdown × pcbench-74Logic_SA_ADC_SA-ADC × seed 1
neckdown × pcbench-8bit-cpu_arduino_eeprom_programmer × seed 1
neckdown × pcbench-8bit-cpu_programming_interface × seed 1
neckdown × pcbench-96boards-sensors_Sensors × seed 1
neckdown × pcbench-ABOVISP_ABOVISP × seed 1
neckdown × pcbench-ADC-PCM4202-SE_ADC-PCM4202-SE × seed 1
neckdown × pcbench-AIOsense_AIOsense × seed 1
neckdown × pcbench-APC_AtariPunkConsole × seed 1
neckdown × pcbench-APM-RPi-Shield_APM-RPi-Shield × seed 1
neckdown × pcbench-AS5043-Encoder_sensor-board × seed 1
neckdown × pcbench-ATmega32_ExploreUltraAvrDevKit_40pin_AVRMCU × seed 1
neckdown × pcbench-ATtiny461Breakout_ATTiny461DevBoard × seed 1
neckdown × pcbench-AVR-ISP_level-shifter_AVR-ISP_level-shifter × seed 1
neckdown × pcbench-AVR-ISP_pogo-plug_1.27mm_AVR-ISP_pogo-plug_1.27mm × seed 1
neckdown × pcbench-AVR-Playground_hello_world × seed 1
neckdown × pcbench-AVR-ZIF-Programmer_AVR-ZIF-Prog × seed 1
neckdown × pcbench-Amiga-2000-EATX_TICK_OSC_KiCAD_TICK × seed 1
neckdown × pcbench-Amiga-A1012-PCB_Amiga-A1012 × seed 1
neckdown × pcbench-AmpOne_dev-AmpOne × seed 1
neckdown × pcbench-AnalogThermometer_AnalogThermometer × seed 1
neckdown × pcbench-Apple-M0110-BT_Apple M0110 × seed 1
neckdown × pcbench-Arduino-Theremin_arduino-theremin-v1 × seed 1
neckdown × pcbench-Arduino_Lipo_Storage_Discharger_Lipo_Storage_Discharger × seed 1
neckdown × pcbench-Atmel-ICE-Header-Adapter_ice header adapter pcb × seed 1
neckdown × pcbench-Avem_Hardware_Avem_demo × seed 1
neckdown × pcbench-AzizLight_AzizLight × seed 1
neckdown × pcbench-BB-PWR-3608_BB-PWR-3608_revA × seed 1
neckdown × pcbench-BB-PWR-8009_BB-PWR-8009_revA × seed 1
neckdown × pcbench-BLDC-controller_BLDC_controller × seed 1
neckdown × pcbench-BML-Badges_BML-Badges × seed 1
neckdown × pcbench-BML-Badges_BML_01 × seed 1
neckdown × pcbench-Baofeng-Interface_BaofengInterfaceIsolated × seed 1
neckdown × pcbench-BirdAttractor_BirdAttractor_RevA × seed 1
neckdown × pcbench-BirdAttractor_BirdAttractor_RevC × seed 1
neckdown × pcbench-BirthdayCakeKeyboard_10Key × seed 1
neckdown × pcbench-Biscay_Blueeye_mcu × seed 1
neckdown × pcbench-Biscay_Blueeye_sipm-fpga × seed 1
neckdown × pcbench-Blink-Eras_AVR_ISP_Pogo × seed 1
neckdown × pcbench-Blitz_.C68 × seed 1
neckdown × pcbench-Blitz_Rev.K_C68 × seed 1
neckdown × pcbench-Blitz_copy × seed 1
neckdown × pcbench-Box0-hv-analog-breakoutboard_breakout × seed 1
neckdown × pcbench-Brushless_ESC_Brushless_ESC × seed 1
neckdown × pcbench-C-BISCUIT_crowbar × seed 1
neckdown × pcbench-CAL430FR_CAL430F × seed 1
neckdown × pcbench-CAL430FR_CAL430F_watch × seed 1
neckdown × pcbench-CATs-Eurosynth_4CH_Mixer × seed 1
neckdown × pcbench-CATs-Eurosynth_APC_Eurorack_Main × seed 1
neckdown × pcbench-CATs-Eurosynth_Abakus_Control × seed 1
neckdown × pcbench-CATs-Eurosynth_Abakus_Main × seed 1
neckdown × pcbench-CATs-Eurosynth_Arduino_VCO_Main × seed 1
neckdown × pcbench-CATs-Eurosynth_Baby_8 × seed 1
neckdown × pcbench-CATs-Eurosynth_Buffered_Multiple_Main × seed 1
neckdown × pcbench-CATs-Eurosynth_Buffered_Multiple_SMD_Main × seed 1
neckdown × pcbench-CATs-Eurosynth_CGS_Analog_Switch_Matrix_Control × seed 1
neckdown × pcbench-CATs-Eurosynth_CGS_Analog_Switch_Matrix_Main × seed 1
neckdown × pcbench-CATs-Eurosynth_Classic_ADSR_Main × seed 1
neckdown × pcbench-CATs-Eurosynth_Clock_Divider_Control × seed 1
neckdown × pcbench-CATs-Eurosynth_Clock_Divider_Main × seed 1
neckdown × pcbench-CATs-Eurosynth_Dual_VCA_2_Control × seed 1
neckdown × pcbench-CATs-Eurosynth_Dual_VCA_2_Main × seed 1
neckdown × pcbench-CATs-Eurosynth_Envelope_Follower_Main × seed 1
neckdown × pcbench-CATs-Eurosynth_HAGIWO_6Ch_Gate_Sequencer_Main × seed 1
neckdown × pcbench-CATs-Eurosynth_HAGIWO_MultiOut_Control × seed 1
neckdown × pcbench-CATs-Eurosynth_HAGIWO_MultiOut_Main × seed 1
neckdown × pcbench-CATs-Eurosynth_HAGIWO_Ring_Modulator_Main × seed 1
neckdown × pcbench-CATs-Eurosynth_LFO_Main × seed 1
neckdown × pcbench-CATs-Eurosynth_MFOS_Eight_Stage_Phase_Shifter_-_Control × seed 1
neckdown × pcbench-CATs-Eurosynth_MFOS_Eight_Stage_Phase_Shifter_-_Main × seed 1
neckdown × pcbench-CATs-Eurosynth_MFOS_Noise_Cornucopia_Control × seed 1
neckdown × pcbench-CATs-Eurosynth_MFOS_Noise_Cornucopia_Main_1 × seed 1
neckdown × pcbench-CATs-Eurosynth_MFOS_Noise_Cornucopia_Main_2 × seed 1
neckdown × pcbench-CATs-Eurosynth_Main_Rectifier_Main × seed 1
neckdown × pcbench-CATs-Eurosynth_Manual_Gate_Control × seed 1
neckdown × pcbench-CATs-Eurosynth_Manual_Gate_Main × seed 1
neckdown × pcbench-CATs-Eurosynth_Power_Modul_Main × seed 1
neckdown × pcbench-CATs-Eurosynth_S_H_Main × seed 1
neckdown × pcbench-CATs-Eurosynth_Single_Attenuator × seed 1
neckdown × pcbench-CATs-Eurosynth_Slim_Precision_Adder_Main × seed 1
neckdown × pcbench-CATs-Eurosynth_Slimline_VCA_Main × seed 1
neckdown × pcbench-CATs-Eurosynth_Slimline_Voltage_Controlled_Switch_-_Main × seed 1
neckdown × pcbench-CATs-Eurosynth_Vactrol_VCF_-_Main × seed 1
neckdown × pcbench-CATs-Eurosynth_YuSynth_Dual_Balanced_Modulator_Main × seed 1
neckdown × pcbench-CATs-Eurosynth_YuSynth_Improved_Steiner_VCF_Main × seed 1
neckdown × pcbench-CapPCB_CapPcb × seed 1
neckdown × pcbench-Cherry-Mx-Bitboard_Cherry Mx Bitboard × seed 1
neckdown × pcbench-ChirpHardware_chirp × seed 1
neckdown × pcbench-CompactFlashBreakout_CompactFlashBreakout × seed 1
neckdown × pcbench-CoreOne-xCORE200-Original_CoreOne × seed 1
neckdown × pcbench-CubeSAT-Reaction-Wheel_Edison_Motor_Servo × seed 1
neckdown × pcbench-CubeSAT-Reaction-Wheel__autosave-GPIO to motor × seed 1
neckdown × pcbench-Curryboard_Curryboard × seed 1
neckdown × pcbench-DAC-ADAU1966_DAC-ADAU1966 × seed 1
neckdown × pcbench-DC25_DC25 × seed 1
neckdown × pcbench-DIYDAC_DIYDAC × seed 1
neckdown × pcbench-DPS-1200FB_Adapter_Adapter × seed 1
neckdown × pcbench-DaWeather---Project__autosave-CarteDaWeather × seed 1
neckdown × pcbench-DasBlinkinput_Das Blinkinput × seed 1
neckdown × pcbench-Dekada_dekada × seed 1
neckdown × pcbench-Dekada_dekada_TopoR_curves × seed 1
neckdown × pcbench-DerKnopf_digi-pot × seed 1
neckdown × pcbench-DerKnopf_led-ring × seed 1
neckdown × pcbench-DerKnopf_power-supply × seed 1
neckdown × pcbench-DiscoDanceFloorV1_DiscoDongle × seed 1
neckdown × pcbench-DonCon2040_DonConPad × seed 1
neckdown × pcbench-Doorman_doorman_slot × seed 1
neckdown × pcbench-DoroidOscillo-Board_Android_Oscilloscope × seed 1
neckdown × pcbench-DualLM317BenchSupply_DualLM317BenchSupply × seed 1
neckdown × pcbench-DustSensorShield_DustSensorShield × seed 1
neckdown × pcbench-E202VAR-Natural-Radio-Receiver_e202var-vlf-radio-receiver × seed 1
neckdown × pcbench-EEGFrontier_EEGFrontier × seed 1
neckdown × pcbench-ESP-12-breakout_ESP12E-breakout × seed 1
neckdown × pcbench-ESP-Breakout_ESP-Breakout × seed 1
neckdown × pcbench-ESP07-Breakout_ESP07-Breakout × seed 1
neckdown × pcbench-ESP32-Module-Breakout_ESP32S-breakout × seed 1
neckdown × pcbench-ESP8266-MQTT-battery-monitor-hw_battery-monitor × seed 1
neckdown × pcbench-ESPLux_Board × seed 1
neckdown × pcbench-ESP_BaPoTeSta_ESP_BaPoTeSta × seed 1
neckdown × pcbench-ESP_WiFiSwitch_WifiSwitch × seed 1
neckdown × pcbench-Eggbot-Spherebot-polargraph-Controller_eggbot-spherebot-polargraph-controller × seed 1
neckdown × pcbench-Electronics-MainBoard_MainBoard × seed 1
neckdown × pcbench-EncoderBoard_Enc_Pan_Led × seed 1
neckdown × pcbench-EnvOpenPico_EliteMicro2040 × seed 1
neckdown × pcbench-EuroPi_europi-surface-mount × seed 1
neckdown × pcbench-FRM16_Relay_Module_I2C_Controller_relay_controller × seed 1
neckdown × pcbench-FT231X_breakout_FTDI_FT231XS-U_Breakout × seed 1
neckdown × pcbench-Feather-ICE40-PCB_feather_ice40 × seed 1
neckdown × pcbench-FlashProgrammer_flash_programmer × seed 1
neckdown × pcbench-FogDrive_attiny45_slim × seed 1
neckdown × pcbench-GameTiger_GameTiger × seed 1
neckdown × pcbench-HES-V2__autosave-hes × seed 1
neckdown × pcbench-HES-V2_hes × seed 1
neckdown × pcbench-HW-AC-Emeter_ac-power-monitor × seed 1
neckdown × pcbench-Hangul-Clock_Hangul × seed 1
neckdown × pcbench-Hardware-done-with-kicad_AVRlearn × seed 1
neckdown × pcbench-Hardware_Playground_BL_PCB_latest × seed 1
neckdown × pcbench-Hardware_Playground_Touch_Switch_1ch_PCB × seed 1
neckdown × pcbench-Hardware_Playground_buck_led_driver × seed 1
neckdown × pcbench-Hardware_Playground_esp8266_uno_relay × seed 1
neckdown × pcbench-Hardware_Playground_hy_adapter × seed 1
neckdown × pcbench-Hardware_Playground_minimal_node_rfm69w × seed 1
neckdown × pcbench-Hardware_Playground_nrf52832_uno × seed 1
neckdown × pcbench-Hardware_Playground_orange_pi_zero_node × seed 1
neckdown × pcbench-Hardware_Playground_pro_mini × seed 1
neckdown × pcbench-Hardware_Playground_rpi_zero × seed 1
neckdown × pcbench-Hardware_Playground_serial_gw_ATMEGA328P × seed 1
neckdown × pcbench-Hardware_Playground_serial_gw_maple_mini × seed 1
neckdown × pcbench-Hardware_Playground_usb_shield × seed 1
neckdown × pcbench-Hardware_Playground_wifi_lights × seed 1
neckdown × pcbench-HaveSome_PCB_HaveSomePCB × seed 1
neckdown × pcbench-HellScribe_HellScribe × seed 1
neckdown × pcbench-HillhacksLantern_LEDLantern × seed 1
neckdown × pcbench-Hubble_12_bit_analog_out × seed 1
neckdown × pcbench-Hubble_16_bit_analog_out × seed 1
neckdown × pcbench-Hubble_jacks × seed 1
neckdown × pcbench-Hubble_leds × seed 1
neckdown × pcbench-Hubble_mux × seed 1
neckdown × pcbench-Hypfer-RGB-W-LED-Controller_led_strip_controller × seed 1
neckdown × pcbench-I2CTempsensor_sensors × seed 1
neckdown × pcbench-ID-FIX_scanConnect × seed 1
neckdown × pcbench-IR-Transponder-ATTiny85-v2_Transponder_v2 × seed 1
neckdown × pcbench-ISO-port_ch340-usb-serial-isolated × seed 1
neckdown × pcbench-Inhibition_amplifier × seed 1
neckdown × pcbench-Inkjet_InkjetBreakout × seed 1
neckdown × pcbench-Inkjet_InkjetDriver × seed 1
neckdown × pcbench-Inkjet_PiezoDriver × seed 1
neckdown × pcbench-Inkjet__autosave-InkjetDriver × seed 1
neckdown × pcbench-JLink-SWD_JLink-SWD × seed 1
neckdown × pcbench-Kefersender_UKW TX × seed 1
neckdown × pcbench-Keyboard_PCB_Keyboard × seed 1
neckdown × pcbench-KiCad-LTC6802-2_main × seed 1
neckdown × pcbench-KosselHotendBoard_KosselHotendPCB × seed 1
neckdown × pcbench-L6235-PCB_L6235 × seed 1
neckdown × pcbench-LAUNCHXL-F28027-isolation-PCB_project1 × seed 1
neckdown × pcbench-LED-Square_PT4115_LED-Square_PT4115 × seed 1
neckdown × pcbench-LPC2148_Stick_LPC2148_stick × seed 1
neckdown × pcbench-LPC2148_Stick__autosave-LPC2148_stick × seed 1
neckdown × pcbench-LT3652EvalBoard_LT3652EvalBoard × seed 1
neckdown × pcbench-LVDS2TMDS_LVDS2TMDS × seed 1
neckdown × pcbench-LadyBugShield_LBS-TEST1 × seed 1
neckdown × pcbench-LadybugLiteBlue_HW_LadybugBlueLite × seed 1
neckdown × pcbench-LiFePO4-Charge-Controller_LiFePO4-Charge-Controller × seed 1
neckdown × pcbench-Librecalc-Hardware__autosave-calculator × seed 1
neckdown × pcbench-LimitSwitchesPlugin_LimitSwitchesPlugin × seed 1
neckdown × pcbench-LittleArduinoProjects_LEDx16_board × seed 1
neckdown × pcbench-LittleArduinoProjects_sevensegment_led_display_module × seed 1
neckdown × pcbench-LoRaCatTrack_GPSLoRa × seed 1
neckdown × pcbench-LoRaPP_loramod × seed 1
neckdown × pcbench-LongPixel_AnalogDriverMini × seed 1
neckdown × pcbench-MAGFest-2017-Swadges_magfest_badges × seed 1
neckdown × pcbench-MAVRIC_Hardware_ArduinoPracticeBoard × seed 1
neckdown × pcbench-MAVRIC_Hardware_Motherboard × seed 1
neckdown × pcbench-MAVRIC_Hardware_SoilBoard × seed 1
neckdown × pcbench-MAVRIC_Hardware__autosave-Motherboard × seed 1
neckdown × pcbench-MSGEQ7-Breakout-Board_MSGEQ7_Breakout_Board × seed 1
neckdown × pcbench-Mechaduino-DR_Mechaduino DR 1.01 × seed 1
neckdown × pcbench-Minitel_bbb-adapter × seed 1
neckdown × pcbench-Minitel_driver_board × seed 1
neckdown × pcbench-MixSID_mixsid × seed 1
neckdown × pcbench-Mouse_Mouse × seed 1
neckdown × pcbench-MySRaspiGW_MySRaspiGW × seed 1
neckdown × pcbench-MySRaspiGW_MySRaspiGW_PA_LNA × seed 1
neckdown × pcbench-MySRaspiGW_MySRaspiGW_PA_LNA_Pimoroni × seed 1
neckdown × pcbench-MySRaspiGW_MySRaspiGW_Pimoroni × seed 1
neckdown × pcbench-NRC2016_banked_ram × seed 1
neckdown × pcbench-NRC2016_usb_sio × seed 1
neckdown × pcbench-NRC2016_z80 × seed 1
neckdown × pcbench-NavigationThing_NavigationThing × seed 1
neckdown × pcbench-NeoWall_NeoWall × seed 1
neckdown × pcbench-Neptune-Hardware_DataAcquisitionBoard × seed 1
neckdown × pcbench-NiMH-Charger_NiMH Charger × seed 1
neckdown × pcbench-OLD-Stepper-motor-board-design-project_Stepper motor driver × seed 1
neckdown × pcbench-OSHW-reCamera-Series_reCamera_Basically_Board × seed 1
neckdown × pcbench-Omega2-Berrydock_berrydock-mini × seed 1
neckdown × pcbench-Omega2-mini-dock_Omega2 mini-dock × seed 1
neckdown × pcbench-OpAmpPassXsistorBenchSupply_OpAmpPassXsistorBenchSupply × seed 1
neckdown × pcbench-Open-Source-Power-Supply_PowerSupply_PCB × seed 1
neckdown × pcbench-Open-Source-Power-Supply_PowerSupply_PCB_backup × seed 1
neckdown × pcbench-OpenHardwareExG_ActiveElectrode_OpenHardwareExG_ActiveElectrode × seed 1
neckdown × pcbench-OpenHardwareExG_Shield_OpenHardwareExG_Shield × seed 1
neckdown × pcbench-OpenHardwareExG_Shield_OpenHardwareExG_Shield_Test_Board × seed 1
neckdown × pcbench-OpenHardwareExG_Shield_OpenHardwareExG_Shield_Test_Board_all_panelled × seed 1
neckdown × pcbench-OpenVNAVI_driver unit × seed 1
neckdown × pcbench-OpenVNAVI_motor unit × seed 1
neckdown × pcbench-Own-Mailbox-Hardware_eth × seed 1
neckdown × pcbench-Own-Mailbox-Hardware_mailbox × seed 1
neckdown × pcbench-PCB_constant_current_ac_hv × seed 1
neckdown × pcbench-PCB_serie_led_strip × seed 1
neckdown × pcbench-PCB_small_halogen_replacement × seed 1
neckdown × pcbench-PGA2311_pga2311 × seed 1
neckdown × pcbench-POV_POV × seed 1
neckdown × pcbench-PWRmeter_PWMeter × seed 1
neckdown × pcbench-Paperino_HW_Paperino_shield × seed 1
neckdown × pcbench-Paperino_HW_paperino_breakout × seed 1
neckdown × pcbench-Patternflow_patternflow × seed 1
neckdown × pcbench-Phased-Array-Microphone-using-FPGA_SateliteMicrophone × seed 1
neckdown × pcbench-Pi1541io_Pi1541io × seed 1
neckdown × pcbench-Pi5_PCIe_Pi5_PCIe × seed 1
neckdown × pcbench-PixyWirelessShield_Shield PIXY × seed 1
neckdown × pcbench-PmodHDMIIn_PmodHDMIIn × seed 1
neckdown × pcbench-PocketBone_pocketbone-kicad × seed 1
neckdown × pcbench-Practicas-Curso-Kicad_Ejercicio_2 × seed 1
neckdown × pcbench-Practicas-Curso-Kicad_Salguero_Federico2 × seed 1
neckdown × pcbench-Prototyping_Workshop_Prototyping_PCB × seed 1
neckdown × pcbench-PsuFanController_FanController × seed 1
neckdown × pcbench-QRPCard_QRPCard × seed 1
neckdown × pcbench-R1002_R1002 × seed 1
neckdown × pcbench-RC2014_RC2014 IDE × seed 1
neckdown × pcbench-RC2014_RC2014 RAM × seed 1
neckdown × pcbench-RC2014_RC2014 Tandy Sound Card × seed 1
neckdown × pcbench-RC6502-Apple-1-Replica_RC6502_Apple_1_SBC × seed 1
neckdown × pcbench-RC6502-Apple-1-Replica_RC6502_Terminal × seed 1
neckdown × pcbench-RC6502-Apple-1-Replica_RC6502_VDU × seed 1
neckdown × pcbench-RFM69HCW_ATSHA204A_Breakout_RFM69HCW_ATSHA204A_Breakout × seed 1
neckdown × pcbench-RGBMatrixPanelCPLD-PhotonBackpack_RGBMatrixPanel_CPLD_negative × seed 1
neckdown × pcbench-RGBMatrixPanelCPLD-PhotonBackpack_RGBMatrixPanel_CPLD_positive × seed 1
neckdown × pcbench-RPi-PWM-Fan-interface_RPi PWM Fan interface × seed 1
neckdown × pcbench-RX5808_diversityModule × seed 1
neckdown × pcbench-RX5808_rx5808_4button × seed 1
neckdown × pcbench-Raspberry-Pi-Soft-Power-Controller_Switching Supply TPS563208 MCI × seed 1
neckdown × pcbench-Raspberry-Pi-Soft-Power-Controller_Zero Current Soft Power × seed 1
neckdown × pcbench-ReSDMAC_ReSDMAC × seed 1
neckdown × pcbench-ReST32_ReST RRD-FGC-Adapter × seed 1
neckdown × pcbench-ReST32_ReST SD-Module × seed 1
neckdown × pcbench-Retro1DecodingModules_AddressDecoderModule × seed 1
neckdown × pcbench-RetroWiFiModem_RetroWiFiModem × seed 1
neckdown × pcbench-RoBoC_CameraAdaptor × seed 1
neckdown × pcbench-RoBoC_RoboticsMKII × seed 1
neckdown × pcbench-S1G-Mod_JST_Adapter × seed 1
neckdown × pcbench-S4A-Mini-board_s4a-mini-board × seed 1
neckdown × pcbench-SMDBreakouts_smd_breakout × seed 1
neckdown × pcbench-SMDBreakouts_smd_breakout_quad × seed 1
neckdown × pcbench-SNAP-Badge_SNAP_badge × seed 1
neckdown × pcbench-SOICbite_SOICbite_SWD × seed 1
neckdown × pcbench-STM32F303_LQFP48_STM32_LQFP48 × seed 1
neckdown × pcbench-STM32F373_LQFP48_STM32_LQFP48 × seed 1
neckdown × pcbench-Shift-in-32-HC165_shift-in × seed 1
neckdown × pcbench-Shift-out-32-HC595_Shift-out × seed 1
neckdown × pcbench-SimpleCPLD_SimpleCPLD × seed 1
neckdown × pcbench-SmartLaserCO2-PCB_LaserPointer × seed 1
neckdown × pcbench-SmartLaserCO2-PCB_OptAdjust × seed 1
neckdown × pcbench-SmartLaserCO2-PCB_WaterCool × seed 1
neckdown × pcbench-Solare-BQ24210_Solare-BQ24210 × seed 1
neckdown × pcbench-SparkSwitch_SparkProtectionSwitch × seed 1
neckdown × pcbench-Starburst-One_alpha × seed 1
neckdown × pcbench-Starling_Starling_V1 × seed 1
neckdown × pcbench-Starling__autosave-Starling WiPSU ver_0.1 × seed 1
neckdown × pcbench-SynthDrumTrigger_Synth Drum Trigger × seed 1
neckdown × pcbench-TB6600StepperDriver_DEW_TB6600-V1 × seed 1
neckdown × pcbench-TK44_TK44 × seed 1
neckdown × pcbench-TLPHnodeV2_TLPHnodeV2 × seed 1
neckdown × pcbench-TMC261-stepstick_TMC261-stepstick-v1.1 × seed 1
neckdown × pcbench-TX5823_TX5823 × seed 1
neckdown × pcbench-Teensy-3.5-Breakout-Boaard_PropShield_Uno × seed 1
neckdown × pcbench-Teensy-3.5-Breakout-Boaard_TeensyMegaIoShield × seed 1
neckdown × pcbench-Teensy-3.5-Breakout-Boaard_Test × seed 1
neckdown × pcbench-Teensy-Hats_Teensy-7-Segment-Hat × seed 1
neckdown × pcbench-Teensy-Hats_Teensy-LCD-LiDAR-Hat × seed 1
neckdown × pcbench-TeensyProtoboard_TeensyProtoboard × seed 1
neckdown × pcbench-ThinkerShield_ThinkerShield × seed 1
neckdown × pcbench-TinyTracker_ub-minimal × seed 1
neckdown × pcbench-ToslinkCNC_Toslink PlanetCNC ECO shield × seed 1
neckdown × pcbench-ToslinkCNC__autosave-ToslinkCNC_OneAxis × seed 1
neckdown × pcbench-ToslinkCNC_toslink_arduino_shield × seed 1
neckdown × pcbench-TripleDelay2399_TripleDelay2399 × seed 1
neckdown × pcbench-ULPI-Pmod_ULPI-Pmod × seed 1
neckdown × pcbench-UProgrammer-Hardware_Programmer × seed 1
neckdown × pcbench-UltraPIF_Hardware_led × seed 1
neckdown × pcbench-UltraPIF_Hardware_pif_adapter × seed 1
neckdown × pcbench-UltrasonicSystem_Schematic × seed 1
neckdown × pcbench-UniversalBoard4Nucleo_Nucleo_Universal_Board × seed 1
neckdown × pcbench-Usb-Serial-Breakout-Cp2102_cp2102 × seed 1
neckdown × pcbench-VC4000MultiROM_MultiRomCard × seed 1
neckdown × pcbench-VM-sensor-PT1000_vm-sensor-pt100 × seed 1
neckdown × pcbench-Ventilator_indicator-board × seed 1
neckdown × pcbench-Ventilator_pressure_XGZP6897A × seed 1
neckdown × pcbench-Ventilator_pressure_mpx5700ap_gp × seed 1
neckdown × pcbench-Ventilator_pressure_mpxv5004_10dp × seed 1
neckdown × pcbench-Ventilator_pressure_mpxv5004dp × seed 1
neckdown × pcbench-Ventilator_pressure_mpxv5010dp × seed 1
neckdown × pcbench-Ventilator_pressure_ms4525do × seed 1
neckdown × pcbench-WHCS-Base-Station_base-station × seed 1
neckdown × pcbench-WS2811LEDMatrix_matrixcontrol × seed 1
neckdown × pcbench-WeatherSpot_vreg_pressure × seed 1
neckdown × pcbench-WordClock_v2.0_WordClock_v2 × seed 1
neckdown × pcbench-Youyue-858D-plus-MCU-adapter_youyue-858d-plus-mcu-adapter × seed 1
neckdown × pcbench-abus-cfa1000-display-grabber_acs-display-grabber × seed 1
neckdown × pcbench-aciduino_aciduino_pcb × seed 1
neckdown × pcbench-airqualitystation_hardware × seed 1
neckdown × pcbench-akuhei_akuhei × seed 1
neckdown × pcbench-alu_gate_xnor_2in × seed 1
neckdown × pcbench-amalthea_amalthea_rev0 × seed 1
neckdown × pcbench-analog_esr_meter_esr_meter_rev_a × seed 1
neckdown × pcbench-anima_MotorDrive × seed 1
neckdown × pcbench-antdroid-board_antdroid-board × seed 1
neckdown × pcbench-apa102lantern_apa102-lantern-side × seed 1
neckdown × pcbench-arduino-led-driver_arduino-led-driver × seed 1
neckdown × pcbench-arduino_arduino leds × seed 1
neckdown × pcbench-atmegax8-protoboard_atmegax8-protoboard × seed 1
neckdown × pcbench-audio_relay_input_switch_relay_switch × seed 1
neckdown × pcbench-atmel-programmer_atmel_programmer × seed 1
neckdown × pcbench-audprog_audprog_v2 × seed 1
neckdown × pcbench-autohat-board_inverted-usd-adapter × seed 1
neckdown × pcbench-autohat-board_usd-adapter × seed 1
neckdown × pcbench-avr-fuser-32_adapter × seed 1
neckdown × pcbench-avr_ledprojector_avr_ledprojection × seed 1
neckdown × pcbench-avr_ledprojector_avr_ledprojection-0402 × seed 1
neckdown × pcbench-azalea_azalea × seed 1
neckdown × pcbench-badge2016_Badge_init × seed 1
neckdown × pcbench-balena-rover-wide-hat_resin-rover × seed 1
neckdown × pcbench-basic_esp_board_basic_esp_board × seed 1
neckdown × pcbench-beast-phat_beast-phat × seed 1
neckdown × pcbench-bee-light-measurement-matrix_bee-light-measurement-matrix × seed 1
neckdown × pcbench-beer-gauge_sensorboard × seed 1
neckdown × pcbench-beryl_rain_beryl_rain × seed 1
neckdown × pcbench-beyblock20_beyblock20 × seed 1
neckdown × pcbench-bikedar_bikedar × seed 1
neckdown × pcbench-blackmagic-isolated_mmp × seed 1
neckdown × pcbench-bldc-gimbal-1d_gimbal-board × seed 1
neckdown × pcbench-blinky-badge_blinky × seed 1
neckdown × pcbench-bms-8s50-ic_bms-8s50-ic × seed 1
neckdown × pcbench-bmw-ibus-bluetooth_bmw_bt_cdcemu_analog × seed 1
neckdown × pcbench-bmw-ibus-bluetooth_bmw_bt_cdcemu_digital × seed 1
neckdown × pcbench-board_armjtag_pmod_compatible_armjtag-pmod × seed 1
neckdown × pcbench-boards_shift-register-demo-v2 × seed 1
neckdown × pcbench-boatcontrol_CommonCathode60A × seed 1
neckdown × pcbench-boatcontrol_NonLatchingNO30A × seed 1
neckdown × pcbench-bobc_LCD-panel-adapter-lvc × seed 1
neckdown × pcbench-bobc_MS-F100 × seed 1
neckdown × pcbench-bobc_led_clock × seed 1
neckdown × pcbench-bobc_matrix_clock × seed 1
neckdown × pcbench-bpnode-bb_BPnode-BB × seed 1
neckdown × pcbench-breakout-boards_50-to-100 × seed 1
neckdown × pcbench-breakout-boards_avr-isp-x2 × seed 1
neckdown × pcbench-breakout-boards_esp8266-jtag × seed 1
neckdown × pcbench-breakout-boards_swd-and-uart × seed 1
neckdown × pcbench-breakout-boards_swd-to-wires × seed 1
neckdown × pcbench-bristle_bot_light_follow_bristle_bot × seed 1
neckdown × pcbench-busblaster-to-swd_busblaster-to-swd × seed 1
neckdown × pcbench-bypass_crossmix_bypass_crossmix × seed 1
neckdown × pcbench-can_firewall_hardware_CAN_Firewall × seed 1
neckdown × pcbench-cdm324_backpack_cdm324 × seed 1
neckdown × pcbench-ciurlys_ciurlys × seed 1
neckdown × pcbench-clock_lcdb4 × seed 1
neckdown × pcbench-cnlohr_wiflier × seed 1
neckdown × pcbench-cnlohr_wiflier_B × seed 1
neckdown × pcbench-continuity-tester_continuity-tester × seed 1
neckdown × pcbench-cookiecutter-xsproduct_{{cookiecutter.product_name}} × seed 1
neckdown × pcbench-crossover-schiit-stack_xover4schiit × seed 1
neckdown × pcbench-custom_cpu--ALU_custom_cpu--ALU × seed 1
neckdown × pcbench-custom_cpu--register_custom_cpu--register × seed 1
neckdown × pcbench-data-manager_data-manager × seed 1
neckdown × pcbench-decelerator4030_decelerator4030 × seed 1
neckdown × pcbench-denbit_basic × seed 1
neckdown × pcbench-deskbot_breakout × seed 1
neckdown × pcbench-devttys0_IRis × seed 1
neckdown × pcbench-digital_clock_led_clock_3_and_4_digit × seed 1
neckdown × pcbench-digital_clock_led_clock_v1 × seed 1
neckdown × pcbench-disco-dongle_DiscoDongle × seed 1
neckdown × pcbench-divergence_meter_dm_control × seed 1
neckdown × pcbench-domotics_base-board-arranged × seed 1
neckdown × pcbench-dorkyboard_keyboard × seed 1
neckdown × pcbench-drawduino_drawduino × seed 1
neckdown × pcbench-dust_sensor_dust_sensor × seed 1
neckdown × pcbench-dustbox_Dustbox × seed 1
neckdown × pcbench-eBUS-Adapter_Groeger × seed 1
neckdown × pcbench-eeg_brainboard_batteryv0 × seed 1
neckdown × pcbench-eink-adapter_eink × seed 1
neckdown × pcbench-epaper-102_epaper-102 × seed 1
neckdown × pcbench-epapercard_epapercard × seed 1
neckdown × pcbench-ergo-snm-keyboard_receiver × seed 1
neckdown × pcbench-esp-leipa_esp-12 × seed 1
neckdown × pcbench-esp-serial-terminal_esp-com × seed 1
neckdown × pcbench-esp12-appliance_mod_esp12-appliance-mod × seed 1
neckdown × pcbench-esp12-breakout_ESP12Breakout × seed 1
neckdown × pcbench-esp32-4-channel-relays_esp32-4-channel-relays × seed 1
neckdown × pcbench-esp32-ethernet_esp32-ethernet × seed 1
neckdown × pcbench-esp32stack_esp32stack × seed 1
neckdown × pcbench-esp8266-for-uppatvind_Air-Purifier-Uppatvind × seed 1
neckdown × pcbench-esp8266_32x32panel_esp_12_f_595 × seed 1
neckdown × pcbench-esp8266_32x32panel_esp_12_f_595_ORDERED × seed 1
neckdown × pcbench-esp8266_envmonitor_environment-monitor × seed 1
neckdown × pcbench-esp8266_envmonitor_environment-monitor-1.2 × seed 1
neckdown × pcbench-esp8266_envmonitor_environment-monitor-1.4 × seed 1
neckdown × pcbench-esp8266_link_test_esp_micro85-only × seed 1
neckdown × pcbench-esp8266_network_speaker_esp_network_speaker × seed 1
neckdown × pcbench-esp8266_wi07_3_adapter_esp × seed 1
neckdown × pcbench-espalarm_alarm × seed 1
neckdown × pcbench-esper_EsperDNS × seed 1
neckdown × pcbench-esper_programmer × seed 1
neckdown × pcbench-espeverywhere__autosave-espeverywhere_breakout × seed 1
neckdown × pcbench-espionage_esplight × seed 1
neckdown × pcbench-everled_everled × seed 1
neckdown × pcbench-ezusb-logicanalyzer_cypress_logic_analyzer × seed 1
neckdown × pcbench-f.60_keyboard × seed 1
neckdown × pcbench-fan_controller_fan_controller × seed 1
neckdown × pcbench-fifogfx_c64cart × seed 1
neckdown × pcbench-filament_extruder_sensor × seed 1
neckdown × pcbench-fingerprint-with-esp32_quet van tay × seed 1
neckdown × pcbench-firefly-jar_solar_lamp × seed 1
neckdown × pcbench-fp2_extension_sample_fp2_usb_breakout × seed 1
neckdown × pcbench-free-of-charge_BMS × seed 1
neckdown × pcbench-freeDSP-CLASSIC-SMD-BALANCED_FreeDSP_BAL × seed 1
neckdown × pcbench-freeUSBi_USBi_Programmer × seed 1
neckdown × pcbench-ftdi-jtag-programmer_JTAGProgrammer × seed 1
neckdown × pcbench-gb-hardware_GB-BRK-M-XS × seed 1
neckdown × pcbench-gb-hardware_GB-BRK-TR-A × seed 1
neckdown × pcbench-gb-hardware_GB-CART256K-A × seed 1
neckdown × pcbench-gb-hardware_GB-CART32K-A × seed 1
neckdown × pcbench-gb-hardware_GB-CARTPP-XC × seed 1
neckdown × pcbench-gb-hardware_GB-LIVE32 × seed 1
neckdown × pcbench-gb-hardware_GB-MBCTEST × seed 1
neckdown × pcbench-gdrom_adapter_board_adapter × seed 1
neckdown × pcbench-gepetto_circuito × seed 1
neckdown × pcbench-guitar_fret × seed 1
neckdown × pcbench-gwurrbus_pwm × seed 1
neckdown × pcbench-hackaday_esp-14_power_meter__autosave-esp-14 × seed 1
neckdown × pcbench-hackpad_orpheuspad_pcb × seed 1
neckdown × pcbench-hackyflasher_Flasher × seed 1
neckdown × pcbench-hardware-designs_c-trigger × seed 1
neckdown × pcbench-hardware-designs_m-trigger × seed 1
neckdown × pcbench-hardware-designs_nixie-combo × seed 1
neckdown × pcbench-hardware-designs_nixie-power × seed 1
neckdown × pcbench-hardware-designs_soil-moisture-sensor × seed 1
neckdown × pcbench-hardware-designs_solar-harvester × seed 1
neckdown × pcbench-hardware-designs_spsgrf-board × seed 1
neckdown × pcbench-hbr-mk2_hbr-mk2-bpfs × seed 1
neckdown × pcbench-hbr-mk2_hbr-mk2-digital × seed 1
neckdown × pcbench-hbr-mk2_hbr-mk2-lpfs × seed 1
neckdown × pcbench-headstage-adapter_headstage adapter × seed 1
neckdown × pcbench-helmholtz-servo_CurrentServo × seed 1
neckdown × pcbench-hm-mod-rpi-rtc_hm-mod-rpi-rtc × seed 1
neckdown × pcbench-hw_trials_demo × seed 1
neckdown × pcbench-hwstar_ac-power-monitor × seed 1
neckdown × pcbench-icehat_icehat × seed 1
neckdown × pcbench-imfr-schematics_Telescopio × seed 1
neckdown × pcbench-induction-hob_temperature-sender × seed 1
neckdown × pcbench-jadonk_PocketBone × seed 1
neckdown × pcbench-jdy-08-board_jdy-08 × seed 1
neckdown × pcbench-juno-chorus-clone_juno-chorus-clone × seed 1
neckdown × pcbench-karabas-nano_karabas-nano-revA × seed 1
neckdown × pcbench-karabas-nano_karabas-nano-revB × seed 1
neckdown × pcbench-karabas-nano_karabas-nano-revC × seed 1
neckdown × pcbench-karabas-nano_karabas-nano-revG × seed 1
neckdown × pcbench-karabas-nano_wifi_revA × seed 1
neckdown × pcbench-kassenautomat.mdb-interface_mdb-interface × seed 1
neckdown × pcbench-keyboards_Djinn × seed 1
neckdown × pcbench-kicad-guitar-preamp_Preamp-Instructables × seed 1
neckdown × pcbench-kicad-projects_BatCharge × seed 1
neckdown × pcbench-kicad-projects_ili9341-breakout × seed 1
neckdown × pcbench-kicad_bbb-melzi × seed 1
neckdown × pcbench-kika-in-space_DS8500 × seed 1
neckdown × pcbench-kika-in-space_analog-test-board × seed 1
neckdown × pcbench-kinetoscope_ethernet × seed 1
neckdown × pcbench-kinetoscope_microcontroller × seed 1
neckdown × pcbench-kinetoscope_sram-bank × seed 1
neckdown × pcbench-kit2-led-cube_led_cube × seed 1
neckdown × pcbench-kitspace_12V5A_breakout × seed 1
neckdown × pcbench-kitspace_12_24_boost_converter × seed 1
neckdown × pcbench-kitspace_40-channel-hv-switching-board × seed 1
neckdown × pcbench-kitspace_4_switch_array × seed 1
neckdown × pcbench-kitspace_8_switch_array × seed 1
neckdown × pcbench-kitspace_BQ25570_Harvester × seed 1
neckdown × pcbench-kitspace_CH330 × seed 1
neckdown × pcbench-kitspace_CO2 × seed 1
neckdown × pcbench-kitspace_DIY_detector × seed 1
neckdown × pcbench-kitspace_Lcr_addon × seed 1
neckdown × pcbench-kitspace_Minisumo_V2.1 × seed 1
neckdown × pcbench-kitspace_OSO-BOOK-C1 × seed 1
neckdown × pcbench-kitspace_OtterScreen × seed 1
neckdown × pcbench-kitspace_PSLab × seed 1
neckdown × pcbench-kitspace_Potentiometer_mount_4LED × seed 1
neckdown × pcbench-kitspace_Potentiometer_mount_8LED × seed 1
neckdown × pcbench-kitspace_RPi_shield × seed 1
neckdown × pcbench-kitspace_T32_ref × seed 1
neckdown × pcbench-kitspace_USB-C-Screen-Adapter × seed 1
neckdown × pcbench-kitspace_USB-C-Screen-Adapter-LDR6023SS × seed 1
neckdown × pcbench-kitspace__autosave-nunchuk_breakout × seed 1
neckdown × pcbench-kitspace_aquarius × seed 1
neckdown × pcbench-kitspace_ardfpga × seed 1
neckdown × pcbench-kitspace_beehive × seed 1
neckdown × pcbench-kitspace_dropbot-front-panel × seed 1
neckdown × pcbench-kitspace_dropbot_control_board × seed 1
neckdown × pcbench-kitspace_dynamixel_shield × seed 1
neckdown × pcbench-kitspace_esp8266 × seed 1
neckdown × pcbench-kitspace_flypi × seed 1
neckdown × pcbench-kitspace_flypi_v2 × seed 1
neckdown × pcbench-kitspace_gas_sensor × seed 1
neckdown × pcbench-kitspace_grove_adaptor × seed 1
neckdown × pcbench-kitspace_hbridge_driver × seed 1
neckdown × pcbench-kitspace_hp_led_switch × seed 1
neckdown × pcbench-kitspace_hum_temp_sensor × seed 1
neckdown × pcbench-kitspace_ideal_diode × seed 1
neckdown × pcbench-kitspace_ir_sensor × seed 1
neckdown × pcbench-kitspace_led_driver × seed 1
neckdown × pcbench-kitspace_level_shifter × seed 1
neckdown × pcbench-kitspace_minisumo_v3 × seed 1
neckdown × pcbench-kitspace_nunchuk_breakout × seed 1
neckdown × pcbench-kitspace_peltier × seed 1
neckdown × pcbench-kitspace_piezo_amplifier × seed 1
neckdown × pcbench-kitspace_pmt_combiner × seed 1
neckdown × pcbench-kitspace_power_supply × seed 1
neckdown × pcbench-kitspace_sensor × seed 1
neckdown × pcbench-kitspace_solenoid_driver × seed 1
neckdown × pcbench-kitspace_spike_n_hold × seed 1
neckdown × pcbench-kitspace_sympetrum-v2%20NFF1.1 × seed 1
neckdown × pcbench-kitspace_teensy-fx × seed 1
neckdown × pcbench-kitspace_temp_breakout × seed 1
neckdown × pcbench-kitspace_threeboard × seed 1
neckdown × pcbench-kitspace_training_board_v02 × seed 1
neckdown × pcbench-kitspace_trans_switch_volt_amp × seed 1
neckdown × pcbench-kitspace_tt_nano_HAT_b1 × seed 1
neckdown × pcbench-kitspace_tt_nano_HAT_b2 × seed 1
neckdown × pcbench-kitspace_tt_opt101_module_b1 × seed 1
neckdown × pcbench-klangorium_logic_noise_playground × seed 1
neckdown × pcbench-komputer-klavier_KomputerKlavier × seed 1
neckdown × pcbench-led-wordclock_wordclock × seed 1
neckdown × pcbench-led_array_atmega8_led_array × seed 1
neckdown × pcbench-lfi-rig_lfi-driver × seed 1
neckdown × pcbench-light-painting-wand_light-wand × seed 1
neckdown × pcbench-linklayer_contact × seed 1
neckdown × pcbench-low-power-counter_lpcounter × seed 1
neckdown × pcbench-m2-electronics_m2fc × seed 1
neckdown × pcbench-m2-electronics_m2pogo × seed 1
neckdown × pcbench-m2-electronics_m2r × seed 1
neckdown × pcbench-m2-electronics_m2rl × seed 1
neckdown × pcbench-mac-pro-conversion_front-panel-power-adapter × seed 1
neckdown × pcbench-magic-table_etch-a-sketch_cyclone × seed 1
neckdown × pcbench-makerspace-emonth_resistor_board × seed 1
neckdown × pcbench-marlin-neopixel-bridge_ATtiny85_Marneo × seed 1
neckdown × pcbench-mavbridge_mavbridge × seed 1
neckdown × pcbench-maytal_Maytal × seed 1
neckdown × pcbench-mdbwerk_mdbwerk × seed 1
neckdown × pcbench-mearm-base-pcb_ServoPCB × seed 1
neckdown × pcbench-mechkeys_lfk78-jtag × seed 1
neckdown × pcbench-medusa_medusa_rs422_rx × seed 1
neckdown × pcbench-memory-display_memory-display × seed 1
neckdown × pcbench-memsarray_mems_array × seed 1
neckdown × pcbench-microphone_preamp × seed 1
neckdown × pcbench-mightyduino_mightyduino × seed 1
neckdown × pcbench-mikoto_mikoto-flashbed × seed 1
neckdown × pcbench-mini_ice40_mini_ice40 × seed 1
neckdown × pcbench-miniboard-opamp_miniboard-opamp × seed 1
neckdown × pcbench-miniboard-stm32f0_miniboard-stm32f0 × seed 1
neckdown × pcbench-mobile-sensor-pcb_mobile-sensor-pcb × seed 1
neckdown × pcbench-mojo-nes_mojo-nes × seed 1
neckdown × pcbench-motor-3xdrv8833-hw_ver1 × seed 1
neckdown × pcbench-mppt-2420-hc_mppt-2420-hc × seed 1
neckdown × pcbench-mppt-2420-hpx_mppt-2420-hpx × seed 1
neckdown × pcbench-nRF24breakoutBoard_nRF24-breakout × seed 1
neckdown × pcbench-nand_programmer_adapter_tsop48 × seed 1
neckdown × pcbench-nanoSwinSidC_nanoSwinSidC × seed 1
neckdown × pcbench-navelino-leaf_navelino-leaf × seed 1
neckdown × pcbench-nextbusclock_NextBusClockV1 × seed 1
neckdown × pcbench-nfl-led-scoreboard_passive-rpi-hub75-adapter × seed 1
neckdown × pcbench-nfl-led-scoreboard_passive3-rpi-hub75-adapter × seed 1
neckdown × pcbench-nikon_gps_nikon_gps × seed 1
neckdown × pcbench-nixie-clock_ab18x5-breakout × seed 1
neckdown × pcbench-nodemcu-backstage_NodeMCU Backstage × seed 1
neckdown × pcbench-nodemcu-basecamp_NodeMCU Basecamp × seed 1
neckdown × pcbench-nonSNES_SNSP-CPU-1CHIP × seed 1
neckdown × pcbench-nrf2rfm69_nrf2rfm69 × seed 1
neckdown × pcbench-nunchuk_rf_hw_NunchukRF_V3 × seed 1
neckdown × pcbench-oasis_ledboard × seed 1
neckdown × pcbench-oled-bmp280-touch_oled-bmp280-touch × seed 1
neckdown × pcbench-one-shift-register_one-shift-register × seed 1
neckdown × pcbench-onion2-breakout_onion2 breakout × seed 1
neckdown × pcbench-opentilt_opentilt2 × seed 1
neckdown × pcbench-oshtimer_transponder × seed 1
neckdown × pcbench-ottawa-badges-2016_ottawa-badge-tagger-2016 × seed 1
neckdown × pcbench-ozinverter_ozinverterkicad × seed 1
neckdown × pcbench-pcb-covox-amp-v2_pcb-covox-amp-v2 × seed 1
neckdown × pcbench-pcb-covox-amp_pcb-covox-amp × seed 1
neckdown × pcbench-pcb-ks0108-128x64-glcd_circuit × seed 1
neckdown × pcbench-pcb-usb-ft245r-parallel-adapter_pcb-usb-ft245r-parallel-adapter × seed 1
neckdown × pcbench-pesho_pesho × seed 1
neckdown × pcbench-phone_rtty_interface_phone_rtty_rev_a × seed 1
neckdown × pcbench-phone_rtty_interface_phone_rtty_rev_b × seed 1
neckdown × pcbench-photon_Sprinkler_sprinkler × seed 1
neckdown × pcbench-pi-zero-stepper-board_pi-zero-stepper-board × seed 1
neckdown × pcbench-pi_plant_MCP3002 × seed 1
neckdown × pcbench-pico-pi-rel_pico-pi × seed 1
neckdown × pcbench-pmw3360-pcb_pmw3360_pcb_jst × seed 1
neckdown × pcbench-pocketbone-kicad_pocketbone-kicad × seed 1
neckdown × pcbench-polypoint_pinpoint_timebase × seed 1
neckdown × pcbench-ponyser-pcb_Ponyser × seed 1
neckdown × pcbench-preamp-two_input-selector × seed 1
neckdown × pcbench-preamp-two_mcu-board × seed 1
neckdown × pcbench-preamp-two_mdac-attenuator × seed 1
neckdown × pcbench-prog-cc-100mA_prog-cc-100mA × seed 1
neckdown × pcbench-project-hydra-meshtastic-pcb_meshtastic-diy × seed 1
neckdown × pcbench-pulse_v1_pulse × seed 1
neckdown × pcbench-pusheenz40_sadcatz40 × seed 1
neckdown × pcbench-pwm-2420-lus_pwm-2420-lus × seed 1
neckdown × pcbench-radio_antenna-iridium × seed 1
neckdown × pcbench-raspberry_pi_pullup_button_pullup_shutdown_button × seed 1
neckdown × pcbench-raspberry_pi_pullup_button_pullup_shutdown_button(revB) × seed 1
neckdown × pcbench-rc2014_bank_switcher_z80_cpm_mmu × seed 1
neckdown × pcbench-real-time-chess_kfchess × seed 1
neckdown × pcbench-recalbox-gpio-board__autosave-board × seed 1
neckdown × pcbench-recalbox-gpio-board_board × seed 1
neckdown × pcbench-retrocon_bbb-adapter × seed 1
neckdown × pcbench-retrocon_driver_board × seed 1
neckdown × pcbench-retroreflectors_TANGOFLOCK × seed 1
neckdown × pcbench-rfcx-sentinel-pcb_Mainboard × seed 1
neckdown × pcbench-rfidBoard_rfid × seed 1
neckdown × pcbench-rgb-led_rgb-led-v2 × seed 1
neckdown × pcbench-rgb-strip-controller__autosave-rgb-strip × seed 1
neckdown × pcbench-rgb2ypbpr_rgb2ypbpr × seed 1
neckdown × pcbench-rjw57_cpu-board × seed 1
neckdown × pcbench-roomba-ESP12E_roomba-esp × seed 1
neckdown × pcbench-rotary-encoder-breakout_rotary-encoder-breakout × seed 1
neckdown × pcbench-royer_royer × seed 1
neckdown × pcbench-rp2040-dmxsun_baseboard_2slots × seed 1
neckdown × pcbench-rp2040-dmxsun_baseboard_4slots × seed 1
neckdown × pcbench-rs485-moist-sensor_adapter-por × seed 1
neckdown × pcbench-rs485-moist-sensor_interconnect × seed 1
neckdown × pcbench-rs485-moist-sensor_rs485-moist-sensor × seed 1
neckdown × pcbench-rufs__autosave-simple_kicad_schema_and_pcb_v1 × seed 1
neckdown × pcbench-rufs_aprs_tracker × seed 1
neckdown × pcbench-rufs_dra818v_breakout_board × seed 1
neckdown × pcbench-rufs_simple_kicad_schema_and_pcb_v1 × seed 1
neckdown × pcbench-rufs_smart_psu × seed 1
neckdown × pcbench-rufs_spv1040_power_controller × seed 1
neckdown × pcbench-rxadc_14_rxadc_14 × seed 1
neckdown × pcbench-saiboard_3x8 × seed 1
neckdown × pcbench-saiboard_8x3 × seed 1
neckdown × pcbench-scimpy_amp × seed 1
neckdown × pcbench-scimpy_crossover × seed 1
neckdown × pcbench-scimpy_powersupply × seed 1
neckdown × pcbench-scimpy_volumebuffer × seed 1
neckdown × pcbench-sensorboard_DiffIR × seed 1
neckdown × pcbench-sensorboard_DiffIR.kicad_pcb_narrow × seed 1
neckdown × pcbench-shutter_Shutter V4 × seed 1
neckdown × pcbench-shutter_speed_tester_shutter_speed_tester × seed 1
neckdown × pcbench-simplebus2-intercom_repeater_v2 × seed 1
neckdown × pcbench-sms-cart-32k_cart × seed 1
neckdown × pcbench-smt-zvs-driver_IH10-sl × seed 1
neckdown × pcbench-snappi-zero_snappi-zero × seed 1
neckdown × pcbench-soil-moisture-sensor-analog_analog-moist-sensor × seed 1
neckdown × pcbench-solar-lanterns_proto1 × seed 1
neckdown × pcbench-sonic3_feram_adapter_sonic3_feram_adapter × seed 1
neckdown × pcbench-spisolator_spisolator × seed 1
neckdown × pcbench-split-pcb-throughole_splanck throughhole × seed 1
neckdown × pcbench-srambo_1_srambo_1 × seed 1
neckdown × pcbench-ssr-wifi_adapter × seed 1
neckdown × pcbench-starfish_starfish × seed 1
neckdown × pcbench-starsynctrackers_reset_switch × seed 1
neckdown × pcbench-stlinkv2_breakout_stlink_breakout × seed 1
neckdown × pcbench-stm32_ccd_camera_ccd × seed 1
neckdown × pcbench-stubby_hex × seed 1
neckdown × pcbench-sv650sds_sds_tool × seed 1
neckdown × pcbench-taira-keyboard_tairakb × seed 1
neckdown × pcbench-tbd_tbd × seed 1
neckdown × pcbench-tdstat_TDstatv2 × seed 1
neckdown × pcbench-technoshield-ui-hw_technoshield × seed 1
neckdown × pcbench-teensy-touch_teensy-touch × seed 1
neckdown × pcbench-teensy-weather-badge_teensyi2c × seed 1
neckdown × pcbench-teensy-wifi-weather-logger_teensyi2c × seed 1
neckdown × pcbench-temperature-alarm_controller × seed 1
neckdown × pcbench-tepmachcha_tepmachcha × seed 1
neckdown × pcbench-tessel-ice40__autosave-project × seed 1
neckdown × pcbench-thatmicpre_thatmicpre_v1 × seed 1
neckdown × pcbench-thatmicpre_thatmicpre_v2 × seed 1
neckdown × pcbench-thegrid_thegrid × seed 1
neckdown × pcbench-thingBot-LoRa_thingBot-LoRa_v1P0 × seed 1
neckdown × pcbench-thingBot-LoRa_thingBot-LoRa_v1P1 × seed 1
neckdown × pcbench-timecircuits-hardware_BTTF-TimeCircuits × seed 1
neckdown × pcbench-tiny-8088_Computer × seed 1
neckdown × pcbench-tinyFISH_tinyBRUSH × seed 1
neckdown × pcbench-tinyisp-micro_tinyispmicro × seed 1
neckdown × pcbench-tinymuseum_museum × seed 1
neckdown × pcbench-type5_type5 × seed 1
neckdown × pcbench-uC3Moy_uC3Moy × seed 1
neckdown × pcbench-uSKY_uSKY × seed 1
neckdown × pcbench-uext-esp32_UEXT_ESP32 × seed 1
neckdown × pcbench-usb_rs232c_usb_rs232c_rev_a × seed 1
neckdown × pcbench-vatx_vatx × seed 1
neckdown × pcbench-vdcmon_vdcmon × seed 1
neckdown × pcbench-wavegen_rev3 × seed 1
neckdown × pcbench-wavegen_waveform-generator × seed 1
neckdown × pcbench-wavegen_waveform-generator-rev1 × seed 1
neckdown × pcbench-wavegen_wavegen × seed 1
neckdown × pcbench-wifiLCD_wifilcd × seed 1
neckdown × pcbench-xmasOrn_xmasOrn × seed 1
neckdown × pcbench-xwhatits-capsense-controller_model-f-3178-adaptor × seed 1
neckdown × pcbench-z2amiller_sensorboard_programmer × seed 1
neckdown × pcbench-zx-sizif-128_sizif128 × seed 1
neckdown × pcbench-zx-sizif-512-ext_sizif512ext × seed 1
neckdown × pcbench-zx-sizif-512-wifi_sizif512-wifi × seed 1
neckdown × pcbench-zx-sizif-xxs_sizif-xxs × seed 1
run written to /root/copperroute-bench/benchmark/results/quality-epyc-pr26-rebased-full-01
Rescoring 43 failed cells; no rerouting
main pcbench-Retro1DecodingModules_AddressDecoderModule ok
main pcbench-ReST32_ReST SD-Module ok
main pcbench-MySRaspiGW_MySRaspiGW_PA_LNA_Pimoroni ok
main pcbench-retrocon_bbb-adapter ok
main pcbench-DerKnopf_led-ring ok
main pcbench-OpenHardwareExG_Shield_OpenHardwareExG_Shield_Test_Board ok
main kicad-issue367-ultraflactyl--ultraflactyl ok
main pcbench-badge2016_Badge_init ok
main pcbench-RC6502-Apple-1-Replica_RC6502_Terminal ok
main pcbench-mearm-base-pcb_ServoPCB ok
main pcbench-DonCon2040_DonConPad ok
main pcbench-preamp-two_input-selector ok
main pcbench-karabas-nano_wifi_revA ok
main pcbench-Practicas-Curso-Kicad_Salguero_Federico2 ok
main pcbench-rgb2ypbpr_rgb2ypbpr ok
main pcbench-simplebus2-intercom_repeater_v2 ok
main pcbench-esp8266_link_test_esp_micro85-only ok
main pcbench-kinetoscope_microcontroller ok
main pcbench-EnvOpenPico_EliteMicro2040 ok
main pcbench-rs485-moist-sensor_adapter-por ok
main pcbench-EuroPi_europi-surface-mount ok
main pcbench-kinetoscope_ethernet ok
main pcbench-kinetoscope_sram-bank ok
main pcbench-kika-in-space_DS8500 ok
main pcbench-ESP_BaPoTeSta_ESP_BaPoTeSta ok
main pcbench-CATs-Eurosynth_MFOS_Noise_Cornucopia_Control ok
main pcbench-Apple-M0110-BT_Apple M0110 ok
main pcbench-Teensy-Hats_Teensy-LCD-LiDAR-Hat ok
neckdown pcbench-sensorboard_DiffIR ok
neckdown pcbench-CATs-Eurosynth_Slimline_VCA_Main ok
neckdown pcbench-JLink-SWD_JLink-SWD ok
main kicad-issue180-test--test ok
neckdown pcbench-CATs-Eurosynth_HAGIWO_MultiOut_Control ok
neckdown pcbench-nrf2rfm69_nrf2rfm69 ok
neckdown pcbench-kinetoscope_microcontroller ok
neckdown pcbench-simplebus2-intercom_repeater_v2 ok
neckdown pcbench-EnvOpenPico_EliteMicro2040 ok
neckdown pcbench-pcb-covox-amp-v2_pcb-covox-amp-v2 ok
neckdown pcbench-gepetto_circuito ok
neckdown pcbench-kinetoscope_ethernet ok
neckdown pcbench-EuroPi_europi-surface-mount ok
neckdown pcbench-kinetoscope_sram-bank ok
neckdown kicad-issue180-test--test ok
wrote /root/copperroute-bench/benchmark/exports/quality-epyc-pr26-rebased-full-01-main-736d02d.csv and /root/copperroute-bench/benchmark/exports/quality-epyc-pr26-rebased-full-01-main-736d02d.json (751 board(s))
Collected 751 referee statuses {'ok': 751}
wrote /root/copperroute-bench/benchmark/exports/quality-epyc-pr26-rebased-full-01-neckdown-736d02d.csv and /root/copperroute-bench/benchmark/exports/quality-epyc-pr26-rebased-full-01-neckdown-736d02d.json (751 board(s))
Collected 751 referee statuses {'ok': 751}
